Component: ARM Compiler 5.06 update 6 (build 750) Tool: armlink [4d35ed]

==============================================================================

Section Cross References

    startup_stm32f411xe.o(STACK) refers (Special) to heapauxi.o(.text) for __use_two_region_memory
    startup_stm32f411xe.o(HEAP) refers (Special) to heapauxi.o(.text) for __use_two_region_memory
    startup_stm32f411xe.o(RESET) refers (Special) to heapauxi.o(.text) for __use_two_region_memory
    startup_stm32f411xe.o(RESET) refers to startup_stm32f411xe.o(STACK) for __initial_sp
    startup_stm32f411xe.o(RESET) refers to startup_stm32f411xe.o(.text) for Reset_Handler
    startup_stm32f411xe.o(RESET) refers to stm32f4xx_it.o(i.NMI_Handler) for NMI_Handler
    startup_stm32f411xe.o(RESET) refers to stm32f4xx_it.o(i.HardFault_Handler) for HardFault_Handler
    startup_stm32f411xe.o(RESET) refers to stm32f4xx_it.o(i.MemManage_Handler) for MemManage_Handler
    startup_stm32f411xe.o(RESET) refers to stm32f4xx_it.o(i.BusFault_Handler) for BusFault_Handler
    startup_stm32f411xe.o(RESET) refers to stm32f4xx_it.o(i.UsageFault_Handler) for UsageFault_Handler
    startup_stm32f411xe.o(RESET) refers to stm32f4xx_it.o(i.SVC_Handler) for SVC_Handler
    startup_stm32f411xe.o(RESET) refers to stm32f4xx_it.o(i.DebugMon_Handler) for DebugMon_Handler
    startup_stm32f411xe.o(RESET) refers to stm32f4xx_it.o(i.PendSV_Handler) for PendSV_Handler
    startup_stm32f411xe.o(RESET) refers to stm32f4xx_it.o(i.SysTick_Handler) for SysTick_Handler
    startup_stm32f411xe.o(.text) refers (Special) to heapauxi.o(.text) for __use_two_region_memory
    startup_stm32f411xe.o(.text) refers to system_stm32f4xx.o(i.SystemInit) for SystemInit
    startup_stm32f411xe.o(.text) refers to __main.o(!!!main) for __main
    startup_stm32f411xe.o(.text) refers to startup_stm32f411xe.o(HEAP) for Heap_Mem
    startup_stm32f411xe.o(.text) refers to startup_stm32f411xe.o(STACK) for Stack_Mem
    main.o(i.MX_GPIO_Init) refers to rt_memclr_w.o(.text) for __aeabi_memclr4
    main.o(i.MX_GPIO_Init) refers to stm32f4xx_hal_gpio.o(i.HAL_GPIO_WritePin) for HAL_GPIO_WritePin
    main.o(i.MX_GPIO_Init) refers to stm32f4xx_hal_gpio.o(i.HAL_GPIO_Init) for HAL_GPIO_Init
    main.o(i.MX_SPI1_Init) refers to stm32f4xx_hal_spi.o(i.HAL_SPI_Init) for HAL_SPI_Init
    main.o(i.MX_SPI1_Init) refers to main.o(.bss) for .bss
    main.o(i.MX_TIM1_Init) refers to rt_memclr_w.o(.text) for __aeabi_memclr4
    main.o(i.MX_TIM1_Init) refers to stm32f4xx_hal_tim.o(i.HAL_TIM_PWM_Init) for HAL_TIM_PWM_Init
    main.o(i.MX_TIM1_Init) refers to stm32f4xx_hal_tim_ex.o(i.HAL_TIMEx_MasterConfigSynchronization) for HAL_TIMEx_MasterConfigSynchronization
    main.o(i.MX_TIM1_Init) refers to stm32f4xx_hal_tim.o(i.HAL_TIM_PWM_ConfigChannel) for HAL_TIM_PWM_ConfigChannel
    main.o(i.MX_TIM1_Init) refers to stm32f4xx_hal_tim_ex.o(i.HAL_TIMEx_ConfigBreakDeadTime) for HAL_TIMEx_ConfigBreakDeadTime
    main.o(i.MX_TIM1_Init) refers to stm32f4xx_hal_msp.o(i.HAL_TIM_MspPostInit) for HAL_TIM_MspPostInit
    main.o(i.MX_TIM1_Init) refers to main.o(.bss) for .bss
    main.o(i.SystemClock_Config) refers to rt_memclr_w.o(.text) for __aeabi_memclr4
    main.o(i.SystemClock_Config) refers to stm32f4xx_hal_rcc.o(i.HAL_RCC_OscConfig) for HAL_RCC_OscConfig
    main.o(i.SystemClock_Config) refers to stm32f4xx_hal_rcc.o(i.HAL_RCC_ClockConfig) for HAL_RCC_ClockConfig
    main.o(i.build_send_telem) refers to rt_memclr_w.o(.text) for __aeabi_memclr4
    main.o(i.build_send_telem) refers to main.o(i.clamp_i16) for clamp_i16
    main.o(i.build_send_telem) refers to stm32f4xx_hal.o(i.HAL_GetTick) for HAL_GetTick
    main.o(i.build_send_telem) refers to nrf24.o(i.NRF24_WriteAndReadAck) for NRF24_WriteAndReadAck
    main.o(i.build_send_telem) refers to main.o(i.handle_cmd) for handle_cmd
    main.o(i.build_send_telem) refers to main.o(.data) for .data
    main.o(i.build_send_telem) refers to main.o(.bss) for .bss
    main.o(i.cal_step) refers to stm32f4xx_hal_i2c.o(i.HAL_I2C_Mem_Read) for HAL_I2C_Mem_Read
    main.o(i.cal_step) refers to main.o(.data) for .data
    main.o(i.cal_step) refers to main.o(.bss) for .bss
    main.o(i.disarm_now) refers to main.o(i.motors_write_all) for motors_write_all
    main.o(i.disarm_now) refers to main.o(.data) for .data
    main.o(i.handle_cmd) refers to _printf_percent.o(.ARM.Collect$$_printf_percent$$00000000) for _printf_percent
    main.o(i.handle_cmd) refers to _printf_u.o(.ARM.Collect$$_printf_percent$$0000000A) for _printf_u
    main.o(i.handle_cmd) refers to _printf_f.o(.ARM.Collect$$_printf_percent$$00000003) for _printf_f
    main.o(i.handle_cmd) refers to _printf_dec.o(.text) for _printf_int_dec
    main.o(i.handle_cmd) refers to printf1.o(x$fpl$printf1) for _printf_fp_dec
    main.o(i.handle_cmd) refers to stm32f4xx_hal.o(i.HAL_GetTick) for HAL_GetTick
    main.o(i.handle_cmd) refers to main.o(i.disarm_now) for disarm_now
[...]
    .ARM.Collect$$libshutdown$$0000000F      0x08000236   Section        0  libshutdown2.o(.ARM.Collect$$libshutdown$$0000000F)
    .ARM.Collect$$libshutdown$$00000010      0x08000236   Section        2  libshutdown2.o(.ARM.Collect$$libshutdown$$00000010)
    .ARM.Collect$$rtentry$$00000000          0x08000238   Section        0  __rtentry.o(.ARM.Collect$$rtentry$$00000000)
    .ARM.Collect$$rtentry$$00000002          0x08000238   Section        0  __rtentry2.o(.ARM.Collect$$rtentry$$00000002)
    .ARM.Collect$$rtentry$$00000004          0x08000238   Section        6  __rtentry4.o(.ARM.Collect$$rtentry$$00000004)
    .ARM.Collect$$rtentry$$00000009          0x0800023e   Section        0  __rtentry2.o(.ARM.Collect$$rtentry$$00000009)
    .ARM.Collect$$rtentry$$0000000A          0x0800023e   Section        4  __rtentry2.o(.ARM.Collect$$rtentry$$0000000A)
    .ARM.Collect$$rtentry$$0000000C          0x08000242   Section        0  __rtentry2.o(.ARM.Collect$$rtentry$$0000000C)
    .ARM.Collect$$rtentry$$0000000D          0x08000242   Section        8  __rtentry2.o(.ARM.Collect$$rtentry$$0000000D)
    .ARM.Collect$$rtexit$$00000000           0x0800024a   Section        2  rtexit.o(.ARM.Collect$$rtexit$$00000000)
    .ARM.Collect$$rtexit$$00000002           0x0800024c   Section        0  rtexit2.o(.ARM.Collect$$rtexit$$00000002)
    .ARM.Collect$$rtexit$$00000003           0x0800024c   Section        4  rtexit2.o(.ARM.Collect$$rtexit$$00000003)
    .ARM.Collect$$rtexit$$00000004           0x08000250   Section        6  rtexit2.o(.ARM.Collect$$rtexit$$00000004)
    .text                                    0x08000258   Section       64  startup_stm32f411xe.o(.text)
    $v0                                      0x08000258   Number         0  startup_stm32f411xe.o(.text)
    .text                                    0x08000298   Section      238  lludivv7m.o(.text)
    .text                                    0x08000388   Section        0  noretval__2snprintf.o(.text)
    .text                                    0x080003bc   Section        0  _printf_dec.o(.text)
    .text                                    0x08000434   Section        0  __printf_wp.o(.text)
    .text                                    0x08000542   Section        0  strlen.o(.text)
    .text                                    0x08000580   Section       78  rt_memclr_w.o(.text)
    .text                                    0x080005ce   Section        0  heapauxi.o(.text)
    .text                                    0x080005d4   Section        0  _rserrno.o(.text)
    .text                                    0x080005ea   Section        0  _printf_intcommon.o(.text)
    .text                                    0x0800069c   Section        0  _printf_fp_dec.o(.text)
    _fp_digits                               0x0800069f   Thumb Code   432  _printf_fp_dec.o(.text)
    .text                                    0x08000abc   Section        0  _printf_char_common.o(.text)
    _printf_input_char                       0x08000abd   Thumb Code    10  _printf_char_common.o(.text)
    .text                                    0x08000aec   Section        0  _sputc.o(.text)
    .text                                    0x08000af6   Section        0  _snputc.o(.text)
    .text                                    0x08000b08   Section        8  rt_locale_intlibspace.o(.text)
    .text                                    0x08000b10   Section        8  rt_errno_addr_intlibspace.o(.text)
    .text                                    0x08000b18   Section      138  lludiv10.o(.text)
    .text                                    0x08000ba4   Section        0  _printf_fp_infnan.o(.text)
    .text                                    0x08000c24   Section        0  bigflt0.o(.text)
    .text                                    0x08000d08   Section        8  libspace.o(.text)
    .text                                    0x08000d10   Section       74  sys_stackheap_outer.o(.text)
    .text                                    0x08000d5a   Section        0  exit.o(.text)
    .text                                    0x08000d6c   Section      128  strcmpv7m.o(.text)
    .text                                    0x08000dec   Section        0  sys_exit.o(.text)
    .text                                    0x08000df8   Section        2  use_no_semi.o(.text)
    .text                                    0x08000dfa   Section        0  indicate_semi.o(.text)
    CL$$btod_d2e                             0x08000dfa   Section       62  btod.o(CL$$btod_d2e)
    CL$$btod_d2e_denorm_low                  0x08000e38   Section       70  btod.o(CL$$btod_d2e_denorm_low)
    CL$$btod_d2e_norm_op1                    0x08000e7e   Section       96  btod.o(CL$$btod_d2e_norm_op1)
    CL$$btod_div_common                      0x08000ede   Section      824  btod.o(CL$$btod_div_common)
    CL$$btod_e2e                             0x08001216   Section      220  btod.o(CL$$btod_e2e)
    CL$$btod_ediv                            0x080012f2   Section       42  btod.o(CL$$btod_ediv)
    CL$$btod_emul                            0x0800131c   Section       42  btod.o(CL$$btod_emul)
    CL$$btod_mult_common                     0x08001346   Section      580  btod.o(CL$$btod_mult_common)
    i.BusFault_Handler                       0x0800158a   Section        0  stm32f4xx_it.o(i.BusFault_Handler)
    i.DebugMon_Handler                       0x0800158c   Section        0  stm32f4xx_it.o(i.DebugMon_Handler)
    i.HAL_Delay                              0x08001590   Section        0  stm32f4xx_hal.o(i.HAL_Delay)
    i.HAL_GPIO_Init                          0x080015b4   Section        0  stm32f4xx_hal_gpio.o(i.HAL_GPIO_Init)
    i.HAL_GPIO_WritePin                      0x08001794   Section        0  stm32f4xx_hal_gpio.o(i.HAL_GPIO_WritePin)
    i.HAL_GetTick                            0x080017a0   Section        0  stm32f4xx_hal.o(i.HAL_GetTick)
    i.HAL_I2C_Init                           0x080017ac   Section        0  stm32f4xx_hal_i2c.o(i.HAL_I2C_Init)
    i.HAL_I2C_Mem_Read                       0x08001934   Section        0  stm32f4xx_hal_i2c.o(i.HAL_I2C_Mem_Read)
    i.HAL_I2C_Mem_Write                      0x08001b38   Section        0  stm32f4xx_hal_i2c.o(i.HAL_I2C_Mem_Write)
    i.HAL_I2C_MspInit                        0x08001c68   Section        0  stm32f4xx_hal_msp.o(i.HAL_I2C_MspInit)
    i.HAL_IncTick                            0x08001cd0   Section        0  stm32f4xx_hal.o(i.HAL_IncTick)
    i.HAL_Init                               0x08001ce0   Section        0  stm32f4xx_hal.o(i.HAL_Init)
    i.HAL_InitTick                           0x08001d14   Section        0  stm32f4xx_hal.o(i.HAL_InitTick)
    i.HAL_MspInit                            0x08001d54   Section        0  stm32f4xx_hal_msp.o(i.HAL_MspInit)
    i.HAL_NVIC_SetPriority                   0x08001d84   Section        0  stm32f4xx_hal_cortex.o(i.HAL_NVIC_SetPriority)
    i.HAL_NVIC_SetPriorityGrouping           0x08001dc4   Section        0  stm32f4xx_hal_cortex.o(i.HAL_NVIC_SetPriorityGrouping)
    i.HAL_RCC_ClockConfig                    0x08001de8   Section        0  stm32f4xx_hal_rcc.o(i.HAL_RCC_ClockConfig)
    i.HAL_RCC_GetPCLK1Freq                   0x08001f1c   Section        0  stm32f4xx_hal_rcc.o(i.HAL_RCC_GetPCLK1Freq)
    i.HAL_RCC_GetPCLK2Freq                   0x08001f3c   Section        0  stm32f4xx_hal_rcc.o(i.HAL_RCC_GetPCLK2Freq)
    i.HAL_RCC_GetSysClockFreq                0x08001f5c   Section        0  stm32f4xx_hal_rcc.o(i.HAL_RCC_GetSysClockFreq)
    i.HAL_RCC_OscConfig                      0x08001fc0   Section        0  stm32f4xx_hal_rcc.o(i.HAL_RCC_OscConfig)
    i.HAL_SPI_Init                           0x0800232c   Section        0  stm32f4xx_hal_spi.o(i.HAL_SPI_Init)
    i.HAL_SPI_MspInit                        0x080023e8   Section        0  stm32f4xx_hal_msp.o(i.HAL_SPI_MspInit)
    i.HAL_SPI_TransmitReceive                0x08002450   Section        0  stm32f4xx_hal_spi.o(i.HAL_SPI_TransmitReceive)
    i.HAL_SYSTICK_Config                     0x08002640   Section        0  stm32f4xx_hal_cortex.o(i.HAL_SYSTICK_Config)
    i.HAL_TIMEx_ConfigBreakDeadTime          0x08002668   Section        0  stm32f4xx_hal_tim_ex.o(i.HAL_TIMEx_ConfigBreakDeadTime)
    i.HAL_TIMEx_MasterConfigSynchronization  0x080026bc   Section        0  stm32f4xx_hal_tim_ex.o(i.HAL_TIMEx_MasterConfigSynchronization)
    i.HAL_TIM_MspPostInit                    0x08002738   Section        0  stm32f4xx_hal_msp.o(i.HAL_TIM_MspPostInit)
    i.HAL_TIM_PWM_ConfigChannel              0x0800278c   Section        0  stm32f4xx_hal_tim.o(i.HAL_TIM_PWM_ConfigChannel)
    i.HAL_TIM_PWM_Init                       0x08002858   Section        0  stm32f4xx_hal_tim.o(i.HAL_TIM_PWM_Init)
    i.HAL_TIM_PWM_MspInit                    0x080028b4   Section        0  stm32f4xx_hal_msp.o(i.HAL_TIM_PWM_MspInit)
    i.HAL_TIM_PWM_Start                      0x080028dc   Section        0  stm32f4xx_hal_tim.o(i.HAL_TIM_PWM_Start)
    i.HAL_UART_Init                          0x0800298c   Section        0  stm32f4xx_hal_uart.o(i.HAL_UART_Init)
    i.HAL_UART_MspInit                       0x080029f0   Section        0  stm32f4xx_hal_msp.o(i.HAL_UART_MspInit)
    i.HAL_UART_Transmit                      0x08002a58   Section        0  stm32f4xx_hal_uart.o(i.HAL_UART_Transmit)
    i.HardFault_Handler                      0x08002af8   Section        0  stm32f4xx_it.o(i.HardFault_Handler)
    i.I2C_IsAcknowledgeFailed                0x08002afa   Section        0  stm32f4xx_hal_i2c.o(i.I2C_IsAcknowledgeFailed)
    I2C_IsAcknowledgeFailed                  0x08002afb   Thumb Code    46  stm32f4xx_hal_i2c.o(i.I2C_IsAcknowledgeFailed)
    i.I2C_RequestMemoryRead                  0x08002b28   Section        0  stm32f4xx_hal_i2c.o(i.I2C_RequestMemoryRead)
    I2C_RequestMemoryRead                    0x08002b29   Thumb Code   246  stm32f4xx_hal_i2c.o(i.I2C_RequestMemoryRead)
    i.I2C_RequestMemoryWrite                 0x08002c24   Section        0  stm32f4xx_hal_i2c.o(i.I2C_RequestMemoryWrite)
    I2C_RequestMemoryWrite                   0x08002c25   Thumb Code   162  stm32f4xx_hal_i2c.o(i.I2C_RequestMemoryWrite)
    i.I2C_WaitOnBTFFlagUntilTimeout          0x08002ccc   Section        0  stm32f4xx_hal_i2c.o(i.I2C_WaitOnBTFFlagUntilTimeout)
    I2C_WaitOnBTFFlagUntilTimeout            0x08002ccd   Thumb Code    86  stm32f4xx_hal_i2c.o(i.I2C_WaitOnBTFFlagUntilTimeout)
    i.I2C_WaitOnFlagUntilTimeout             0x08002d24   Section        0  stm32f4xx_hal_i2c.o(i.I2C_WaitOnFlagUntilTimeout)
    I2C_WaitOnFlagUntilTimeout               0x08002d25   Thumb Code   144  stm32f4xx_hal_i2c.o(i.I2C_WaitOnFlagUntilTimeout)
    i.I2C_WaitOnMasterAddressFlagUntilTimeout 0x08002db4   Section        0  stm32f4xx_hal_i2c.o(i.I2C_WaitOnMasterAddressFlagUntilTimeout)
    I2C_WaitOnMasterAddressFlagUntilTimeout  0x08002db5   Thumb Code   188  stm32f4xx_hal_i2c.o(i.I2C_WaitOnMasterAddressFlagUntilTimeout)
    i.I2C_WaitOnRXNEFlagUntilTimeout         0x08002e70   Section        0  stm32f4xx_hal_i2c.o(i.I2C_WaitOnRXNEFlagUntilTimeout)
    I2C_WaitOnRXNEFlagUntilTimeout           0x08002e71   Thumb Code   112  stm32f4xx_hal_i2c.o(i.I2C_WaitOnRXNEFlagUntilTimeout)
    i.I2C_WaitOnTXEFlagUntilTimeout          0x08002ee0   Section        0  stm32f4xx_hal_i2c.o(i.I2C_WaitOnTXEFlagUntilTimeout)
    I2C_WaitOnTXEFlagUntilTimeout            0x08002ee1   Thumb Code    86  stm32f4xx_hal_i2c.o(i.I2C_WaitOnTXEFlagUntilTimeout)
    i.MPU9250_Init                           0x08002f36   Section        0  mpu9250.o(i.MPU9250_Init)
    i.MPU9250_Read_Accel_Gyro                0x08003000   Section        0  mpu9250.o(i.MPU9250_Read_Accel_Gyro)
    i.MX_GPIO_Init                           0x08003158   Section        0  main.o(i.MX_GPIO_Init)
    MX_GPIO_Init                             0x08003159   Thumb Code    94  main.o(i.MX_GPIO_Init)
    i.MX_SPI1_Init                           0x080031c0   Section        0  main.o(i.MX_SPI1_Init)
    MX_SPI1_Init                             0x080031c1   Thumb Code    58  main.o(i.MX_SPI1_Init)
    i.MX_TIM1_Init                           0x08003204   Section        0  main.o(i.MX_TIM1_Init)
    MX_TIM1_Init                             0x08003205   Thumb Code   204  main.o(i.MX_TIM1_Init)
    i.MemManage_Handler                      0x080032d8   Section        0  stm32f4xx_it.o(i.MemManage_Handler)
    i.NMI_Handler                            0x080032da   Section        0  stm32f4xx_it.o(i.NMI_Handler)
    i.NRF24_AckPayloadAvailable              0x080032dc   Section        0  nrf24.o(i.NRF24_AckPayloadAvailable)
    i.NRF24_ClearIRQs                        0x080032ec   Section        0  nrf24.o(i.NRF24_ClearIRQs)
    i.NRF24_Configure_PTX                    0x080032f4   Section        0  nrf24.o(i.NRF24_Configure_PTX)
    i.NRF24_FlushRX                          0x0800343a   Section        0  nrf24.o(i.NRF24_FlushRX)
    i.NRF24_FlushTX                          0x0800344c   Section        0  nrf24.o(i.NRF24_FlushTX)
    i.NRF24_Init                             0x0800345e   Section        0  nrf24.o(i.NRF24_Init)
    i.NRF24_IsPresent                        0x080034d6   Section        0  nrf24.o(i.NRF24_IsPresent)
    i.NRF24_ReadAckPayload                   0x0800351c   Section        0  nrf24.o(i.NRF24_ReadAckPayload)
    i.NRF24_Write                            0x08003594   Section        0  nrf24.o(i.NRF24_Write)
    i.NRF24_WriteAndReadAck                  0x08003654   Section        0  nrf24.o(i.NRF24_WriteAndReadAck)
    i.PendSV_Handler                         0x0800369c   Section        0  stm32f4xx_it.o(i.PendSV_Handler)
    i.SPI_EndRxTxTransaction                 0x080036a0   Section        0  stm32f4xx_hal_spi.o(i.SPI_EndRxTxTransaction)
    SPI_EndRxTxTransaction                   0x080036a1   Thumb Code    98  stm32f4xx_hal_spi.o(i.SPI_EndRxTxTransaction)
    i.SPI_WaitFlagStateUntilTimeout          0x0800370c   Section        0  stm32f4xx_hal_spi.o(i.SPI_WaitFlagStateUntilTimeout)
    SPI_WaitFlagStateUntilTimeout            0x0800370d   Thumb Code   182  stm32f4xx_hal_spi.o(i.SPI_WaitFlagStateUntilTimeout)
    i.SVC_Handler                            0x080037c8   Section        0  stm32f4xx_it.o(i.SVC_Handler)
    i.SysTick_Handler                        0x080037ca   Section        0  stm32f4xx_it.o(i.SysTick_Handler)
    i.SystemClock_Config                     0x080037d0   Section        0  main.o(i.SystemClock_Config)
    i.SystemInit                             0x08003860   Section        0  system_stm32f4xx.o(i.SystemInit)
    i.TIM_Base_SetConfig                     0x08003870   Section        0  stm32f4xx_hal_tim.o(i.TIM_Base_SetConfig)
    i.TIM_CCxChannelCmd                      0x08003910   Section        0  stm32f4xx_hal_tim.o(i.TIM_CCxChannelCmd)
    i.TIM_OC1_SetConfig                      0x0800392c   Section        0  stm32f4xx_hal_tim.o(i.TIM_OC1_SetConfig)
    TIM_OC1_SetConfig                        0x0800392d   Thumb Code    74  stm32f4xx_hal_tim.o(i.TIM_OC1_SetConfig)
    i.TIM_OC2_SetConfig                      0x0800397c   Section        0  stm32f4xx_hal_tim.o(i.TIM_OC2_SetConfig)
    i.TIM_OC3_SetConfig                      0x080039d4   Section        0  stm32f4xx_hal_tim.o(i.TIM_OC3_SetConfig)
    TIM_OC3_SetConfig                        0x080039d5   Thumb Code    82  stm32f4xx_hal_tim.o(i.TIM_OC3_SetConfig)
    i.TIM_OC4_SetConfig                      0x08003a2c   Section        0  stm32f4xx_hal_tim.o(i.TIM_OC4_SetConfig)
    TIM_OC4_SetConfig                        0x08003a2d   Thumb Code    64  stm32f4xx_hal_tim.o(i.TIM_OC4_SetConfig)
    i.UART_EndRxTransfer                     0x08003a70   Section        0  stm32f4xx_hal_uart.o(i.UART_EndRxTransfer)
    UART_EndRxTransfer                       0x08003a71   Thumb Code    78  stm32f4xx_hal_uart.o(i.UART_EndRxTransfer)
    i.UART_SetConfig                         0x08003ac0   Section        0  stm32f4xx_hal_uart.o(i.UART_SetConfig)
    UART_SetConfig                           0x08003ac1   Thumb Code   258  stm32f4xx_hal_uart.o(i.UART_SetConfig)
    i.UART_WaitOnFlagUntilTimeout            0x08003bcc   Section        0  stm32f4xx_hal_uart.o(i.UART_WaitOnFlagUntilTimeout)
    UART_WaitOnFlagUntilTimeout              0x08003bcd   Thumb Code   114  stm32f4xx_hal_uart.o(i.UART_WaitOnFlagUntilTimeout)
    i.UsageFault_Handler                     0x08003c3e   Section        0  stm32f4xx_it.o(i.UsageFault_Handler)
    i.__ARM_fpclassify                       0x08003c40   Section        0  fpclassify.o(i.__ARM_fpclassify)
    i.__ARM_fpclassifyf                      0x08003c70   Section        0  fpclassifyf.o(i.__ARM_fpclassifyf)
    i.__NVIC_SetPriority                     0x08003c96   Section        0  stm32f4xx_hal_cortex.o(i.__NVIC_SetPriority)
    __NVIC_SetPriority                       0x08003c97   Thumb Code    32  stm32f4xx_hal_cortex.o(i.__NVIC_SetPriority)
    i.__hardfp_atan2f                        0x08003cb8   Section        0  atan2f.o(i.__hardfp_atan2f)
    i.__hardfp_sqrtf                         0x08003f08   Section        0  sqrtf.o(i.__hardfp_sqrtf)
    i.__mathlib_flt_infnan2                  0x08003f42   Section        0  funder.o(i.__mathlib_flt_infnan2)
    i.__mathlib_flt_underflow                0x08003f48   Section        0  funder.o(i.__mathlib_flt_underflow)
    i._is_digit                              0x08003f58   Section        0  __printf_wp.o(i._is_digit)
    i.activate_features                      0x08003f66   Section        0  nrf24.o(i.activate_features)
    activate_features                        0x08003f67   Thumb Code    26  nrf24.o(i.activate_features)
    i.build_send_telem                       0x08003f80   Section        0  main.o(i.build_send_telem)
    build_send_telem                         0x08003f81   Thumb Code   346  main.o(i.build_send_telem)
    i.cal_step                               0x080040e8   Section        0  main.o(i.cal_step)
    cal_step                                 0x080040e9   Thumb Code   418  main.o(i.cal_step)
    i.ce_low                                 0x0800429c   Section        0  nrf24.o(i.ce_low)
    ce_low                                   0x0800429d   Thumb Code    10  nrf24.o(i.ce_low)
    i.clamp_i16                              0x080042a8   Section        0  main.o(i.clamp_i16)
    clamp_i16                                0x080042a9   Thumb Code    26  main.o(i.clamp_i16)
    i.clamp_u16                              0x080042c8   Section        0  main.o(i.clamp_u16)
    clamp_u16                                0x080042c9   Thumb Code    16  main.o(i.clamp_u16)
    i.clampf                                 0x080042d8   Section        0  main.o(i.clampf)
    clampf                                   0x080042d9   Thumb Code    32  main.o(i.clampf)
    i.cmd_rw                                 0x080042f8   Section        0  nrf24.o(i.cmd_rw)
    cmd_rw                                   0x080042f9   Thumb Code    74  nrf24.o(i.cmd_rw)
    i.csn_high                               0x08004342   Section        0  nrf24.o(i.csn_high)
    csn_high                                 0x08004343   Thumb Code    10  nrf24.o(i.csn_high)
    i.csn_low                                0x0800434c   Section        0  nrf24.o(i.csn_low)
    csn_low                                  0x0800434d   Thumb Code    10  nrf24.o(i.csn_low)
    i.disarm_now                             0x08004358   Section        0  main.o(i.disarm_now)
    disarm_now                               0x08004359   Thumb Code    36  main.o(i.disarm_now)
    i.gyro_mavg_get                          0x08004384   Section        0  mpu9250.o(i.gyro_mavg_get)
    gyro_mavg_get                            0x08004385   Thumb Code   140  mpu9250.o(i.gyro_mavg_get)
    i.gyro_mavg_push                         0x0800441c   Section        0  mpu9250.o(i.gyro_mavg_push)
    gyro_mavg_push                           0x0800441d   Thumb Code    62  mpu9250.o(i.gyro_mavg_push)
    i.gyro_mavg_reset                        0x08004464   Section        0  mpu9250.o(i.gyro_mavg_reset)
    gyro_mavg_reset                          0x08004465   Thumb Code    60  mpu9250.o(i.gyro_mavg_reset)
    i.handle_cmd                             0x080044ac   Section        0  main.o(i.handle_cmd)
    handle_cmd                               0x080044ad   Thumb Code   356  main.o(i.handle_cmd)
    i.i2c_read_retry                         0x08004638   Section        0  mpu9250.o(i.i2c_read_retry)
    i2c_read_retry                           0x08004639   Thumb Code    58  mpu9250.o(i.i2c_read_retry)
    i.i2c_write_retry                        0x08004672   Section        0  mpu9250.o(i.i2c_write_retry)
    i2c_write_retry                          0x08004673   Thumb Code    64  mpu9250.o(i.i2c_write_retry)
    i.main                                   0x080046b4   Section        0  main.o(i.main)
    i.motors_write_all                       0x08004894   Section        0  main.o(i.motors_write_all)
    motors_write_all                         0x08004895   Thumb Code    42  main.o(i.motors_write_all)
    i.motors_write_mask                      0x080048c8   Section        0  main.o(i.motors_write_mask)
    motors_write_mask                        0x080048c9   Thumb Code    64  main.o(i.motors_write_mask)
    i.motors_write_roll_mix                  0x08004910   Section        0  main.o(i.motors_write_roll_mix)
    motors_write_roll_mix                    0x08004911   Thumb Code   172  main.o(i.motors_write_roll_mix)
    i.pid_roll_update_and_apply              0x080049cc   Section        0  main.o(i.pid_roll_update_and_apply)
    pid_roll_update_and_apply                0x080049cd   Thumb Code   256  main.o(i.pid_roll_update_and_apply)
    i.read_reg                               0x08004af8   Section        0  nrf24.o(i.read_reg)
    read_reg                                 0x08004af9   Thumb Code    32  nrf24.o(i.read_reg)
    i.spi_xfer                               0x08004b18   Section        0  nrf24.o(i.spi_xfer)
    spi_xfer                                 0x08004b19   Thumb Code    38  nrf24.o(i.spi_xfer)
    i.stop_listening                         0x08004b3e   Section        0  nrf24.o(i.stop_listening)
    stop_listening                           0x08004b3f   Thumb Code    58  nrf24.o(i.stop_listening)
    i.uart_print                             0x08004b78   Section        0  main.o(i.uart_print)
    uart_print                               0x08004b79   Thumb Code    24  main.o(i.uart_print)
    i.write_reg                              0x08004b94   Section        0  nrf24.o(i.write_reg)
    write_reg                                0x08004b95   Thumb Code    30  nrf24.o(i.write_reg)
    i.write_reg_buf                          0x08004bb2   Section        0  nrf24.o(i.write_reg_buf)
    write_reg_buf                            0x08004bb3   Thumb Code    24  nrf24.o(i.write_reg_buf)
    locale$$code                             0x08004bcc   Section       44  lc_numeric_c.o(locale$$code)
    x$fpl$dretinf                            0x08004bf8   Section       12  dretinf.o(x$fpl$dretinf)
    $v0                                      0x08004bf8   Number         0  dretinf.o(x$fpl$dretinf)
    x$fpl$f2d                                0x08004c04   Section       86  f2d.o(x$fpl$f2d)
    $v0                                      0x08004c04   Number         0  f2d.o(x$fpl$f2d)
    x$fpl$fnaninf                            0x08004c5a   Section      140  fnaninf.o(x$fpl$fnaninf)
    $v0                                      0x08004c5a   Number         0  fnaninf.o(x$fpl$fnaninf)
    x$fpl$fpinit                             0x08004ce6   Section       10  fpinit.o(x$fpl$fpinit)
    $v0                                      0x08004ce6   Number         0  fpinit.o(x$fpl$fpinit)
    x$fpl$printf1                            0x08004cf0   Section        4  printf1.o(x$fpl$printf1)
    $v0                                      0x08004cf0   Number         0  printf1.o(x$fpl$printf1)
    .constdata                               0x08004cf4   Section        5  main.o(.constdata)
    x$fpl$usenofp                            0x08004cf4   Section        0  usenofp.o(x$fpl$usenofp)
    RF_ADDR                                  0x08004cf4   Data           5  main.o(.constdata)
    .constdata                               0x08004cf9   Section       16  system_stm32f4xx.o(.constdata)
    .constdata                               0x08004d09   Section        8  system_stm32f4xx.o(.constdata)
    .constdata                               0x08004d14   Section      148  bigflt0.o(.constdata)
    tenpwrs_x                                0x08004d14   Data          60  bigflt0.o(.constdata)
    tenpwrs_i                                0x08004d50   Data          64  bigflt0.o(.constdata)
    locale$$data                             0x08004dc8   Section       28  lc_numeric_c.o(locale$$data)
    __lcnum_c_name                           0x08004dcc   Data           2  lc_numeric_c.o(locale$$data)
    __lcnum_c_start                          0x08004dd4   Data           0  lc_numeric_c.o(locale$$data)
    __lcnum_c_point                          0x08004de0   Data           0  lc_numeric_c.o(locale$$data)
    __lcnum_c_thousands                      0x08004de2   Data           0  lc_numeric_c.o(locale$$data)
    __lcnum_c_grouping                       0x08004de3   Data           0  lc_numeric_c.o(locale$$data)
    __lcnum_c_end                            0x08004de4   Data           0  lc_numeric_c.o(locale$$data)
    .data                                    0x20000000   Section       96  main.o(.data)
    imu_enable                               0x20000000   Data           1  main.o(.data)
    armed                                    0x20000001   Data           1  main.o(.data)
    tx_seq                                   0x20000002   Data           1  main.o(.data)
    cmd_echo                                 0x20000003   Data           1  main.o(.data)
    ping_echo                                0x20000004   Data           1  main.o(.data)
    cal_busy                                 0x20000005   Data           1  main.o(.data)
    manual_mask                              0x20000006   Data           1  main.o(.data)
    imu_last_ok                              0x20000007   Data           1  main.o(.data)
    thr_us                                   0x20000008   Data           2  main.o(.data)
    cal_samples_target                       0x2000000a   Data           2  main.o(.data)
    cal_count                                0x2000000c   Data           2  main.o(.data)
    manual_us                                0x2000000e   Data           2  main.o(.data)
    last_cmd_ms                              0x20000010   Data           4  main.o(.data)
    gxs                                      0x20000014   Data           4  main.o(.data)
    gys                                      0x20000018   Data           4  main.o(.data)
    gzs                                      0x2000001c   Data           4  main.o(.data)
    axs                                      0x20000020   Data           4  main.o(.data)
    ays                                      0x20000024   Data           4  main.o(.data)
    azs                                      0x20000028   Data           4  main.o(.data)
    cal_next_ms                              0x2000002c   Data           4  main.o(.data)
    next_imu_ms                              0x20000030   Data           4  main.o(.data)
    next_hb_ms                               0x20000034   Data           4  main.o(.data)
    roll_angle                               0x20000038   Data           4  main.o(.data)
    roll_sp                                  0x2000003c   Data           4  main.o(.data)
    Kp_angle                                 0x20000040   Data           4  main.o(.data)
    Kp                                       0x20000044   Data           4  main.o(.data)
    Ki                                       0x20000048   Data           4  main.o(.data)
    Kd                                       0x2000004c   Data           4  main.o(.data)
    gx_sp                                    0x20000050   Data           4  main.o(.data)
    err_prev                                 0x20000054   Data           4  main.o(.data)
    Iterm                                    0x20000058   Data           4  main.o(.data)
    manual_override_until_ms                 0x2000005c   Data           4  main.o(.data)
    .data                                    0x20000060   Section        4  mpu9250.o(.data)
    buf_full                                 0x20000060   Data           1  mpu9250.o(.data)
    buf_index                                0x20000062   Data           2  mpu9250.o(.data)
    .data                                    0x20000064   Section       12  stm32f4xx_hal.o(.data)
    .data                                    0x20000070   Section        4  system_stm32f4xx.o(.data)
    .bss                                     0x20000074   Section      388  main.o(.bss)
    mpu                                      0x200001b0   Data          52  main.o(.bss)
    nrf                                      0x200001e4   Data          20  main.o(.bss)
    .bss                                     0x200001f8   Section      240  mpu9250.o(.bss)
    gx_buf                                   0x200001f8   Data          80  mpu9250.o(.bss)
    gy_buf                                   0x20000248   Data          80  mpu9250.o(.bss)
    gz_buf                                   0x20000298   Data          80  mpu9250.o(.bss)
    .bss                                     0x200002e8   Section       96  libspace.o(.bss)
    HEAP                                     0x20000348   Section      512  startup_stm32f411xe.o(HEAP)
    Heap_Mem                                 0x20000348   Data         512  startup_stm32f411xe.o(HEAP)
    STACK                                    0x20000548   Section     1024  startup_stm32f411xe.o(STACK)
    Stack_Mem                                0x20000548   Data        1024  startup_stm32f411xe.o(STACK)
    __initial_sp                             0x20000948   Data           0  startup_stm32f411xe.o(STACK)

    Global Symbols

    Symbol Name                              Value     Ov Type        Size  Object(Section)

    BuildAttributes$$THM_ISAv4$E$P$D$K$B$S$7EM$VFPi3$EXTD16$VFPS$VFMA$PE$A:L22UL41UL21$X:L11$S22US41US21$IEEE1$IW$USESV6$~STKCKD$USESV7$~SHL$OTIME$ROPI$IEEEX$EBA8$UX$STANDARDLIB$REQ8$PRES8$EABIv2 0x00000000   Number         0  anon$$obj.o ABSOLUTE
    __ARM_use_no_argv                        0x00000000   Number         0  main.o ABSOLUTE
    _printf_flags                            0x00000000   Number         0  printf_stubs.o ABSOLUTE
    _printf_return_value                     0x00000000   Number         0  printf_stubs.o ABSOLUTE
    _printf_sizespec                         0x00000000   Number         0  printf_stubs.o ABSOLUTE
    _printf_widthprec                        0x00000000   Number         0  printf_stubs.o ABSOLUTE
    __ARM_exceptions_init                     - Undefined Weak Reference
    __alloca_initialize                       - Undefined Weak Reference
    __arm_preinit_                            - Undefined Weak Reference
    __cpp_initialize__aeabi_                  - Undefined Weak Reference
    __cxa_finalize                            - Undefined Weak Reference
    __sigvec_lookup                           - Undefined Weak Reference
    _atexit_init                              - Undefined Weak Reference
    _call_atexit_fns                          - Undefined Weak Reference
    _clock_init                               - Undefined Weak Reference
    _fp_trap_init                             - Undefined Weak Reference
    _fp_trap_shutdown                         - Undefined Weak Reference
    _get_lc_collate                           - Undefined Weak Reference
    _get_lc_ctype                             - Undefined Weak Reference
    _get_lc_monetary                          - Undefined Weak Reference
    _get_lc_time                              - Undefined Weak Reference
    _getenv_init                              - Undefined Weak Reference
    _handle_redirection                       - Undefined Weak Reference
    _init_alloc                               - Undefined Weak Reference
    _init_user_alloc                          - Undefined Weak Reference
    _initio                                   - Undefined Weak Reference
    _printf_post_padding                      - Undefined Weak Reference
    _printf_pre_padding                       - Undefined Weak Reference
    _printf_truncate_signed                   - Undefined Weak Reference
    _printf_truncate_unsigned                 - Undefined Weak Reference
    _rand_init                                - Undefined Weak Reference
    _signal_finish                            - Undefined Weak Reference
    _signal_init                              - Undefined Weak Reference
    _terminate_alloc                          - Undefined Weak Reference
    _terminate_user_alloc                     - Undefined Weak Reference
    _terminateio                              - Undefined Weak Reference
    __Vectors_Size                           0x00000198   Number         0  startup_stm32f411xe.o ABSOLUTE
    __Vectors                                0x08000000   Data           4  startup_stm32f411xe.o(RESET)
    __Vectors_End                            0x08000198   Data           0  startup_stm32f411xe.o(RESET)
    __main                                   0x08000199   Thumb Code     8  __main.o(!!!main)
    __scatterload                            0x080001a1   Thumb Code     0  __scatter.o(!!!scatter)
    __scatterload_rt2                        0x080001a1   Thumb Code    44  __scatter.o(!!!scatter)
    __scatterload_rt2_thumb_only             0x080001a1   Thumb Code     0  __scatter.o(!!!scatter)
    __scatterload_null                       0x080001af   Thumb Code     0  __scatter.o(!!!scatter)
    __scatterload_copy                       0x080001d5   Thumb Code    26  __scatter_copy.o(!!handler_copy)
    __scatterload_zeroinit                   0x080001f1   Thumb Code    28  __scatter_zi.o(!!handler_zi)
    _printf_f                                0x0800020d   Thumb Code     0  _printf_f.o(.ARM.Collect$$_printf_percent$$00000003)
    _printf_percent                          0x0800020d   Thumb Code     0  _printf_percent.o(.ARM.Collect$$_printf_percent$$00000000)
    _printf_u                                0x08000213   Thumb Code     0  _printf_u.o(.ARM.Collect$$_printf_percent$$0000000A)
    _printf_percent_end                      0x08000219   Thumb Code     0  _printf_percent_end.o(.ARM.Collect$$_printf_percent$$00000017)
    __rt_lib_init                            0x0800021d   Thumb Code     0  libinit.o(.ARM.Collect$$libinit$$00000000)
    __rt_lib_init_fp_1                       0x0800021f   Thumb Code     0  libinit2.o(.ARM.Collect$$libinit$$00000001)
    __rt_lib_init_heap_1                     0x08000223   Thumb Code     0  libinit2.o(.ARM.Collect$$libinit$$0000000A)
    __rt_lib_init_lc_common                  0x08000223   Thumb Code     0  libinit2.o(.ARM.Collect$$libinit$$0000000F)
    __rt_lib_init_preinit_1                  0x08000223   Thumb Code     0  libinit2.o(.ARM.Collect$$libinit$$00000004)
    __rt_lib_init_rand_1                     0x08000223   Thumb Code     0  libinit2.o(.ARM.Collect$$libinit$$0000000E)
    __rt_lib_init_user_alloc_1               0x08000223   Thumb Code     0  libinit2.o(.ARM.Collect$$libinit$$0000000C)
    __rt_lib_init_lc_collate_1               0x08000229   Thumb Code     0  libinit2.o(.ARM.Collect$$libinit$$00000011)
    __rt_lib_init_lc_ctype_1                 0x08000229   Thumb Code     0  libinit2.o(.ARM.Collect$$libinit$$00000013)
    __rt_lib_init_lc_monetary_1              0x08000229   Thumb Code     0  libinit2.o(.ARM.Collect$$libinit$$00000015)
    __rt_lib_init_lc_numeric_2               0x08000229   Thumb Code     0  libinit2.o(.ARM.Collect$$libinit$$00000016)
    __rt_lib_init_alloca_1                   0x08000233   Thumb Code     0  libinit2.o(.ARM.Collect$$libinit$$0000002E)
    __rt_lib_init_argv_1                     0x08000233   Thumb Code     0  libinit2.o(.ARM.Collect$$libinit$$0000002C)
    __rt_lib_init_atexit_1                   0x08000233   Thumb Code     0  libinit2.o(.ARM.Collect$$libinit$$0000001B)
    __rt_lib_init_clock_1                    0x08000233   Thumb Code     0  libinit2.o(.ARM.Collect$$libinit$$00000021)
    __rt_lib_init_cpp_1                      0x08000233   Thumb Code     0  libinit2.o(.ARM.Collect$$libinit$$00000032)
    __rt_lib_init_exceptions_1               0x08000233   Thumb Code     0  libinit2.o(.ARM.Collect$$libinit$$00000030)
    __rt_lib_init_fp_trap_1                  0x08000233   Thumb Code     0  libinit2.o(.ARM.Collect$$libinit$$0000001F)
    __rt_lib_init_getenv_1                   0x08000233   Thumb Code     0  libinit2.o(.ARM.Collect$$libinit$$00000023)
    __rt_lib_init_lc_numeric_1               0x08000233   Thumb Code     0  libinit2.o(.ARM.Collect$$libinit$$00000017)
    __rt_lib_init_lc_time_1                  0x08000233   Thumb Code     0  libinit2.o(.ARM.Collect$$libinit$$00000019)
    __rt_lib_init_return                     0x08000233   Thumb Code     0  libinit2.o(.ARM.Collect$$libinit$$00000033)
    __rt_lib_init_signal_1                   0x08000233   Thumb Code     0  libinit2.o(.ARM.Collect$$libinit$$0000001D)
    __rt_lib_init_stdio_1                    0x08000233   Thumb Code     0  libinit2.o(.ARM.Collect$$libinit$$00000025)
    __rt_lib_shutdown                        0x08000235   Thumb Code     0  libshutdown.o(.ARM.Collect$$libshutdown$$00000000)
    __rt_lib_shutdown_cpp_1                  0x08000237   Thumb Code     0  libshutdown2.o(.ARM.Collect$$libshutdown$$00000002)
    __rt_lib_shutdown_fp_trap_1              0x08000237   Thumb Code     0  libshutdown2.o(.ARM.Collect$$libshutdown$$00000007)
    __rt_lib_shutdown_heap_1                 0x08000237   Thumb Code     0  libshutdown2.o(.ARM.Collect$$libshutdown$$0000000F)
    __rt_lib_shutdown_return                 0x08000237   Thumb Code     0  libshutdown2.o(.ARM.Collect$$libshutdown$$00000010)
    __rt_lib_shutdown_signal_1               0x08000237   Thumb Code     0  libshutdown2.o(.ARM.Collect$$libshutdown$$0000000A)
    __rt_lib_shutdown_stdio_1                0x08000237   Thumb Code     0  libshutdown2.o(.ARM.Collect$$libshutdown$$00000004)
    __rt_lib_shutdown_user_alloc_1           0x08000237   Thumb Code     0  libshutdown2.o(.ARM.Collect$$libshutdown$$0000000C)
    __rt_entry                               0x08000239   Thumb Code     0  __rtentry.o(.ARM.Collect$$rtentry$$00000000)
    __rt_entry_presh_1                       0x08000239   Thumb Code     0  __rtentry2.o(.ARM.Collect$$rtentry$$00000002)
    __rt_entry_sh                            0x08000239   Thumb Code     0  __rtentry4.o(.ARM.Collect$$rtentry$$00000004)
    __rt_entry_li                            0x0800023f   Thumb Code     0  __rtentry2.o(.ARM.Collect$$rtentry$$0000000A)
    __rt_entry_postsh_1                      0x0800023f   Thumb Code     0  __rtentry2.o(.ARM.Collect$$rtentry$$00000009)
    __rt_entry_main                          0x08000243   Thumb Code     0  __rtentry2.o(.ARM.Collect$$rtentry$$0000000D)
    __rt_entry_postli_1                      0x08000243   Thumb Code     0  __rtentry2.o(.ARM.Collect$$rtentry$$0000000C)
    __rt_exit                                0x0800024b   Thumb Code     0  rtexit.o(.ARM.Collect$$rtexit$$00000000)
    __rt_exit_ls                             0x0800024d   Thumb Code     0  rtexit2.o(.ARM.Collect$$rtexit$$00000003)
    __rt_exit_prels_1                        0x0800024d   Thumb Code     0  rtexit2.o(.ARM.Collect$$rtexit$$00000002)
    __rt_exit_exit                           0x08000251   Thumb Code     0  rtexit2.o(.ARM.Collect$$rtexit$$00000004)
    Reset_Handler                            0x08000259   Thumb Code     8  startup_stm32f411xe.o(.text)
    ADC_IRQHandler                           0x08000273   Thumb Code     0  startup_stm32f411xe.o(.text)
    DMA1_Stream0_IRQHandler                  0x08000273   Thumb Code     0  startup_stm32f411xe.o(.text)
    DMA1_Stream1_IRQHandler                  0x08000273   Thumb Code     0  startup_stm32f411xe.o(.text)
    DMA1_Stream2_IRQHandler                  0x08000273   Thumb Code     0  startup_stm32f411xe.o(.text)
    DMA1_Stream3_IRQHandler                  0x08000273   Thumb Code     0  startup_stm32f411xe.o(.text)
    DMA1_Stream4_IRQHandler                  0x08000273   Thumb Code     0  startup_stm32f411xe.o(.text)
    DMA1_Stream5_IRQHandler                  0x08000273   Thumb Code     0  startup_stm32f411xe.o(.text)
    DMA1_Stream6_IRQHandler                  0x08000273   Thumb Code     0  startup_stm32f411xe.o(.text)
    DMA1_Stream7_IRQHandler                  0x08000273   Thumb Code     0  startup_stm32f411xe.o(.text)
    DMA2_Stream0_IRQHandler                  0x08000273   Thumb Code     0  startup_stm32f411xe.o(.text)
    DMA2_Stream1_IRQHandler                  0x08000273   Thumb Code     0  startup_stm32f411xe.o(.text)
    DMA2_Stream2_IRQHandler                  0x08000273   Thumb Code     0  startup_stm32f411xe.o(.text)
    DMA2_Stream3_IRQHandler                  0x08000273   Thumb Code     0  startup_stm32f411xe.o(.text)
    DMA2_Stream4_IRQHandler                  0x08000273   Thumb Code     0  startup_stm32f411xe.o(.text)
    DMA2_Stream5_IRQHandler                  0x08000273   Thumb Code     0  startup_stm32f411xe.o(.text)
    DMA2_Stream6_IRQHandler                  0x08000273   Thumb Code     0  startup_stm32f411xe.o(.text)
    DMA2_Stream7_IRQHandler                  0x08000273   Thumb Code     0  startup_stm32f411xe.o(.text)
    EXTI0_IRQHandler                         0x08000273   Thumb Code     0  startup_stm32f411xe.o(.text)
    EXTI15_10_IRQHandler                     0x08000273   Thumb Code     0  startup_stm32f411xe.o(.text)
    EXTI1_IRQHandler                         0x08000273   Thumb Code     0  startup_stm32f411xe.o(.text)
    EXTI2_IRQHandler                         0x08000273   Thumb Code     0  startup_stm32f411xe.o(.text)
    EXTI3_IRQHandler                         0x08000273   Thumb Code     0  startup_stm32f411xe.o(.text)
    EXTI4_IRQHandler                         0x08000273   Thumb Code     0  startup_stm32f411xe.o(.text)
    EXTI9_5_IRQHandler                       0x08000273   Thumb Code     0  startup_stm32f411xe.o(.text)
    FLASH_IRQHandler                         0x08000273   Thumb Code     0  startup_stm32f411xe.o(.text)
    FPU_IRQHandler                           0x08000273   Thumb Code     0  startup_stm32f411xe.o(.text)
    I2C1_ER_IRQHandler                       0x08000273   Thumb Code     0  startup_stm32f411xe.o(.text)
    I2C1_EV_IRQHandler                       0x08000273   Thumb Code     0  startup_stm32f411xe.o(.text)
    I2C2_ER_IRQHandler                       0x08000273   Thumb Code     0  startup_stm32f411xe.o(.text)
    I2C2_EV_IRQHandler                       0x08000273   Thumb Code     0  startup_stm32f411xe.o(.text)
    I2C3_ER_IRQHandler                       0x08000273   Thumb Code     0  startup_stm32f411xe.o(.text)
    I2C3_EV_IRQHandler                       0x08000273   Thumb Code     0  startup_stm32f411xe.o(.text)
    OTG_FS_IRQHandler                        0x08000273   Thumb Code     0  startup_stm32f411xe.o(.text)
    OTG_FS_WKUP_IRQHandler                   0x08000273   Thumb Code     0  startup_stm32f411xe.o(.text)
    PVD_IRQHandler                           0x08000273   Thumb Code     0  startup_stm32f411xe.o(.text)
    RCC_IRQHandler                           0x08000273   Thumb Code     0  startup_stm32f411xe.o(.text)
    RTC_Alarm_IRQHandler                     0x08000273   Thumb Code     0  startup_stm32f411xe.o(.text)
    RTC_WKUP_IRQHandler                      0x08000273   Thumb Code     0  startup_stm32f411xe.o(.text)
    SDIO_IRQHandler                          0x08000273   Thumb Code     0  startup_stm32f411xe.o(.text)
    SPI1_IRQHandler                          0x08000273   Thumb Code     0  startup_stm32f411xe.o(.text)
    SPI2_IRQHandler                          0x08000273   Thumb Code     0  startup_stm32f411xe.o(.text)
    SPI3_IRQHandler                          0x08000273   Thumb Code     0  startup_stm32f411xe.o(.text)
    SPI4_IRQHandler                          0x08000273   Thumb Code     0  startup_stm32f411xe.o(.text)
    SPI5_IRQHandler                          0x08000273   Thumb Code     0  startup_stm32f411xe.o(.text)
    TAMP_STAMP_IRQHandler                    0x08000273   Thumb Code     0  startup_stm32f411xe.o(.text)
    TIM1_BRK_TIM9_IRQHandler                 0x08000273   Thumb Code     0  startup_stm32f411xe.o(.text)
    TIM1_CC_IRQHandler                       0x08000273   Thumb Code     0  startup_stm32f411xe.o(.text)
    TIM1_TRG_COM_TIM11_IRQHandler            0x08000273   Thumb Code     0  startup_stm32f411xe.o(.text)
    TIM1_UP_TIM10_IRQHandler                 0x08000273   Thumb Code     0  startup_stm32f411xe.o(.text)
    TIM2_IRQHandler                          0x08000273   Thumb Code     0  startup_stm32f411xe.o(.text)
    TIM3_IRQHandler                          0x08000273   Thumb Code     0  startup_stm32f411xe.o(.text)
    TIM4_IRQHandler                          0x08000273   Thumb Code     0  startup_stm32f411xe.o(.text)
    TIM5_IRQHandler                          0x08000273   Thumb Code     0  startup_stm32f411xe.o(.text)
    USART1_IRQHandler                        0x08000273   Thumb Code     0  startup_stm32f411xe.o(.text)
    USART2_IRQHandler                        0x08000273   Thumb Code     0  startup_stm32f411xe.o(.text)
    USART6_IRQHandler                        0x08000273   Thumb Code     0  startup_stm32f411xe.o(.text)
    WWDG_IRQHandler                          0x08000273   Thumb Code     0  startup_stm32f411xe.o(.text)
    __user_initial_stackheap                 0x08000275   Thumb Code     0  startup_stm32f411xe.o(.text)
    __aeabi_uldivmod                         0x08000299   Thumb Code     0  lludivv7m.o(.text)
    _ll_udiv                                 0x08000299   Thumb Code   238  lludivv7m.o(.text)
    __2snprintf                              0x08000389   Thumb Code    48  noretval__2snprintf.o(.text)
    _printf_int_dec                          0x080003bd   Thumb Code   104  _printf_dec.o(.text)
    __printf                                 0x08000435   Thumb Code   270  __printf_wp.o(.text)
    strlen                                   0x08000543   Thumb Code    62  strlen.o(.text)
    __aeabi_memclr4                          0x08000581   Thumb Code     0  rt_memclr_w.o(.text)
    __aeabi_memclr8                          0x08000581   Thumb Code     0  rt_memclr_w.o(.text)
    __rt_memclr_w                            0x08000581   Thumb Code    78  rt_memclr_w.o(.text)
    _memset_w                                0x08000585   Thumb Code     0  rt_memclr_w.o(.text)
    __use_two_region_memory                  0x080005cf   Thumb Code     2  heapauxi.o(.text)
    __rt_heap_escrow$2region                 0x080005d1   Thumb Code     2  heapauxi.o(.text)
    __rt_heap_expand$2region                 0x080005d3   Thumb Code     2  heapauxi.o(.text)
    __read_errno                             0x080005d5   Thumb Code    10  _rserrno.o(.text)
    __set_errno                              0x080005df   Thumb Code    12  _rserrno.o(.text)
    _printf_int_common                       0x080005eb   Thumb Code   178  _printf_intcommon.o(.text)
    __lib_sel_fp_printf                      0x0800069d   Thumb Code     2  _printf_fp_dec.o(.text)
    _printf_fp_dec_real                      0x0800084f   Thumb Code   620  _printf_fp_dec.o(.text)
    _printf_char_common                      0x08000ac7   Thumb Code    32  _printf_char_common.o(.text)
    _sputc                                   0x08000aed   Thumb Code    10  _sputc.o(.text)
    _snputc                                  0x08000af7   Thumb Code    16  _snputc.o(.text)
    __rt_locale                              0x08000b09   Thumb Code     8  rt_locale_intlibspace.o(.text)
    __aeabi_errno_addr                       0x08000b11   Thumb Code     8  rt_errno_addr_intlibspace.o(.text)
    __errno$intlibspace                      0x08000b11   Thumb Code     0  rt_errno_addr_intlibspace.o(.text)
    __rt_errno_addr$intlibspace              0x08000b11   Thumb Code     0  rt_errno_addr_intlibspace.o(.text)
    _ll_udiv10                               0x08000b19   Thumb Code   138  lludiv10.o(.text)
    _printf_fp_infnan                        0x08000ba5   Thumb Code   112  _printf_fp_infnan.o(.text)
    _btod_etento                             0x08000c25   Thumb Code   224  bigflt0.o(.text)
    __user_libspace                          0x08000d09   Thumb Code     8  libspace.o(.text)
    __user_perproc_libspace                  0x08000d09   Thumb Code     0  libspace.o(.text)
    __user_perthread_libspace                0x08000d09   Thumb Code     0  libspace.o(.text)
    __user_setup_stackheap                   0x08000d11   Thumb Code    74  sys_stackheap_outer.o(.text)
    exit                                     0x08000d5b   Thumb Code    18  exit.o(.text)
    strcmp                                   0x08000d6d   Thumb Code   128  strcmpv7m.o(.text)
    _sys_exit                                0x08000ded   Thumb Code     8  sys_exit.o(.text)
    __I$use$semihosting                      0x08000df9   Thumb Code     0  use_no_semi.o(.text)
    __use_no_semihosting_swi                 0x08000df9   Thumb Code     2  use_no_semi.o(.text)
    __semihosting_library_function           0x08000dfb   Thumb Code     0  indicate_semi.o(.text)
    _btod_d2e                                0x08000dfb   Thumb Code    62  btod.o(CL$$btod_d2e)
    _d2e_denorm_low                          0x08000e39   Thumb Code    70  btod.o(CL$$btod_d2e_denorm_low)
    _d2e_norm_op1                            0x08000e7f   Thumb Code    96  btod.o(CL$$btod_d2e_norm_op1)
    __btod_div_common                        0x08000edf   Thumb Code   696  btod.o(CL$$btod_div_common)
    _e2e                                     0x08001217   Thumb Code   220  btod.o(CL$$btod_e2e)
    _btod_ediv                               0x080012f3   Thumb Code    42  btod.o(CL$$btod_ediv)
    _btod_emul                               0x0800131d   Thumb Code    42  btod.o(CL$$btod_emul)
    __btod_mult_common                       0x08001347   Thumb Code   580  btod.o(CL$$btod_mult_common)
    BusFault_Handler                         0x0800158b   Thumb Code     2  stm32f4xx_it.o(i.BusFault_Handler)
    DebugMon_Handler                         0x0800158d   Thumb Code     2  stm32f4xx_it.o(i.DebugMon_Handler)
    HAL_Delay                                0x08001591   Thumb Code    32  stm32f4xx_hal.o(i.HAL_Delay)
    HAL_GPIO_Init                            0x080015b5   Thumb Code   446  stm32f4xx_hal_gpio.o(i.HAL_GPIO_Init)
    HAL_GPIO_WritePin                        0x08001795   Thumb Code    10  stm32f4xx_hal_gpio.o(i.HAL_GPIO_WritePin)
    HAL_GetTick                              0x080017a1   Thumb Code     6  stm32f4xx_hal.o(i.HAL_GetTick)
    HAL_I2C_Init                             0x080017ad   Thumb Code   376  stm32f4xx_hal_i2c.o(i.HAL_I2C_Init)
    HAL_I2C_Mem_Read                         0x08001935   Thumb Code   502  stm32f4xx_hal_i2c.o(i.HAL_I2C_Mem_Read)
    HAL_I2C_Mem_Write                        0x08001b39   Thumb Code   294  stm32f4xx_hal_i2c.o(i.HAL_I2C_Mem_Write)
    HAL_I2C_MspInit                          0x08001c69   Thumb Code    92  stm32f4xx_hal_msp.o(i.HAL_I2C_MspInit)
    HAL_IncTick                              0x08001cd1   Thumb Code    12  stm32f4xx_hal.o(i.HAL_IncTick)
    HAL_Init                                 0x08001ce1   Thumb Code    48  stm32f4xx_hal.o(i.HAL_Init)
    HAL_InitTick                             0x08001d15   Thumb Code    54  stm32f4xx_hal.o(i.HAL_InitTick)
    HAL_MspInit                              0x08001d55   Thumb Code    42  stm32f4xx_hal_msp.o(i.HAL_MspInit)
    HAL_NVIC_SetPriority                     0x08001d85   Thumb Code    60  stm32f4xx_hal_cortex.o(i.HAL_NVIC_SetPriority)
    HAL_NVIC_SetPriorityGrouping             0x08001dc5   Thumb Code    26  stm32f4xx_hal_cortex.o(i.HAL_NVIC_SetPriorityGrouping)
    HAL_RCC_ClockConfig                      0x08001de9   Thumb Code   288  stm32f4xx_hal_rcc.o(i.HAL_RCC_ClockConfig)
    HAL_RCC_GetPCLK1Freq                     0x08001f1d   Thumb Code    20  stm32f4xx_hal_rcc.o(i.HAL_RCC_GetPCLK1Freq)
    HAL_RCC_GetPCLK2Freq                     0x08001f3d   Thumb Code    20  stm32f4xx_hal_rcc.o(i.HAL_RCC_GetPCLK2Freq)
    HAL_RCC_GetSysClockFreq                  0x08001f5d   Thumb Code    88  stm32f4xx_hal_rcc.o(i.HAL_RCC_GetSysClockFreq)
    HAL_RCC_OscConfig                        0x08001fc1   Thumb Code   856  stm32f4xx_hal_rcc.o(i.HAL_RCC_OscConfig)
    HAL_SPI_Init                             0x0800232d   Thumb Code   188  stm32f4xx_hal_spi.o(i.HAL_SPI_Init)
    HAL_SPI_MspInit                          0x080023e9   Thumb Code    92  stm32f4xx_hal_msp.o(i.HAL_SPI_MspInit)
    HAL_SPI_TransmitReceive                  0x08002451   Thumb Code   496  stm32f4xx_hal_spi.o(i.HAL_SPI_TransmitReceive)
    HAL_SYSTICK_Config                       0x08002641   Thumb Code    40  stm32f4xx_hal_cortex.o(i.HAL_SYSTICK_Config)
    HAL_TIMEx_ConfigBreakDeadTime            0x08002669   Thumb Code    84  stm32f4xx_hal_tim_ex.o(i.HAL_TIMEx_ConfigBreakDeadTime)
    HAL_TIMEx_MasterConfigSynchronization    0x080026bd   Thumb Code   104  stm32f4xx_hal_tim_ex.o(i.HAL_TIMEx_MasterConfigSynchronization)
    HAL_TIM_MspPostInit                      0x08002739   Thumb Code    72  stm32f4xx_hal_msp.o(i.HAL_TIM_MspPostInit)
    HAL_TIM_PWM_ConfigChannel                0x0800278d   Thumb Code   204  stm32f4xx_hal_tim.o(i.HAL_TIM_PWM_ConfigChannel)
    HAL_TIM_PWM_Init                         0x08002859   Thumb Code    90  stm32f4xx_hal_tim.o(i.HAL_TIM_PWM_Init)
    HAL_TIM_PWM_MspInit                      0x080028b5   Thumb Code    30  stm32f4xx_hal_msp.o(i.HAL_TIM_PWM_MspInit)
    HAL_TIM_PWM_Start                        0x080028dd   Thumb Code   156  stm32f4xx_hal_tim.o(i.HAL_TIM_PWM_Start)
    HAL_UART_Init                            0x0800298d   Thumb Code   100  stm32f4xx_hal_uart.o(i.HAL_UART_Init)
    HAL_UART_MspInit                         0x080029f1   Thumb Code    92  stm32f4xx_hal_msp.o(i.HAL_UART_MspInit)
    HAL_UART_Transmit                        0x08002a59   Thumb Code   160  stm32f4xx_hal_uart.o(i.HAL_UART_Transmit)
    HardFault_Handler                        0x08002af9   Thumb Code     2  stm32f4xx_it.o(i.HardFault_Handler)
    MPU9250_Init                             0x08002f37   Thumb Code   202  mpu9250.o(i.MPU9250_Init)
    MPU9250_Read_Accel_Gyro                  0x08003001   Thumb Code   330  mpu9250.o(i.MPU9250_Read_Accel_Gyro)
    MemManage_Handler                        0x080032d9   Thumb Code     2  stm32f4xx_it.o(i.MemManage_Handler)
    NMI_Handler                              0x080032db   Thumb Code     2  stm32f4xx_it.o(i.NMI_Handler)
    NRF24_AckPayloadAvailable                0x080032dd   Thumb Code    16  nrf24.o(i.NRF24_AckPayloadAvailable)
    NRF24_ClearIRQs                          0x080032ed   Thumb Code     8  nrf24.o(i.NRF24_ClearIRQs)
    NRF24_Configure_PTX                      0x080032f5   Thumb Code   326  nrf24.o(i.NRF24_Configure_PTX)
    NRF24_FlushRX                            0x0800343b   Thumb Code    18  nrf24.o(i.NRF24_FlushRX)
    NRF24_FlushTX                            0x0800344d   Thumb Code    18  nrf24.o(i.NRF24_FlushTX)
    NRF24_Init                               0x0800345f   Thumb Code   120  nrf24.o(i.NRF24_Init)
    NRF24_IsPresent                          0x080034d7   Thumb Code    70  nrf24.o(i.NRF24_IsPresent)
    NRF24_ReadAckPayload                     0x0800351d   Thumb Code   120  nrf24.o(i.NRF24_ReadAckPayload)
    NRF24_Write                              0x08003595   Thumb Code   192  nrf24.o(i.NRF24_Write)
    NRF24_WriteAndReadAck                    0x08003655   Thumb Code    72  nrf24.o(i.NRF24_WriteAndReadAck)
    PendSV_Handler                           0x0800369d   Thumb Code     2  stm32f4xx_it.o(i.PendSV_Handler)
    SVC_Handler                              0x080037c9   Thumb Code     2  stm32f4xx_it.o(i.SVC_Handler)
    SysTick_Handler                          0x080037cb   Thumb Code     4  stm32f4xx_it.o(i.SysTick_Handler)
    SystemClock_Config                       0x080037d1   Thumb Code   136  main.o(i.SystemClock_Config)
    SystemInit                               0x08003861   Thumb Code    12  system_stm32f4xx.o(i.SystemInit)
    TIM_Base_SetConfig                       0x08003871   Thumb Code   130  stm32f4xx_hal_tim.o(i.TIM_Base_SetConfig)
    TIM_CCxChannelCmd                        0x08003911   Thumb Code    26  stm32f4xx_hal_tim.o(i.TIM_CCxChannelCmd)
    TIM_OC2_SetConfig                        0x0800397d   Thumb Code    84  stm32f4xx_hal_tim.o(i.TIM_OC2_SetConfig)
    UsageFault_Handler                       0x08003c3f   Thumb Code     2  stm32f4xx_it.o(i.UsageFault_Handler)
    __ARM_fpclassify                         0x08003c41   Thumb Code    48  fpclassify.o(i.__ARM_fpclassify)
    __ARM_fpclassifyf                        0x08003c71   Thumb Code    38  fpclassifyf.o(i.__ARM_fpclassifyf)
    __hardfp_atan2f                          0x08003cb9   Thumb Code   502  atan2f.o(i.__hardfp_atan2f)
    __hardfp_sqrtf                           0x08003f09   Thumb Code    58  sqrtf.o(i.__hardfp_sqrtf)
    __mathlib_flt_infnan2                    0x08003f43   Thumb Code     6  funder.o(i.__mathlib_flt_infnan2)
    __mathlib_flt_underflow                  0x08003f49   Thumb Code    10  funder.o(i.__mathlib_flt_underflow)
    _is_digit                                0x08003f59   Thumb Code    14  __printf_wp.o(i._is_digit)
    main                                     0x080046b5   Thumb Code   388  main.o(i.main)
    _get_lc_numeric                          0x08004bcd   Thumb Code    44  lc_numeric_c.o(locale$$code)
    __fpl_dretinf                            0x08004bf9   Thumb Code    12  dretinf.o(x$fpl$dretinf)
    __aeabi_f2d                              0x08004c05   Thumb Code     0  f2d.o(x$fpl$f2d)
    _f2d                                     0x08004c05   Thumb Code    86  f2d.o(x$fpl$f2d)
    __fpl_fnaninf                            0x08004c5b   Thumb Code   140  fnaninf.o(x$fpl$fnaninf)
    _fp_init                                 0x08004ce7   Thumb Code    10  fpinit.o(x$fpl$fpinit)
    __fplib_config_fpu_vfp                   0x08004cef   Thumb Code     0  fpinit.o(x$fpl$fpinit)
    __fplib_config_pureend_doubles           0x08004cef   Thumb Code     0  fpinit.o(x$fpl$fpinit)
    _printf_fp_dec                           0x08004cf1   Thumb Code     4  printf1.o(x$fpl$printf1)
    __I$use$fp                               0x08004cf4   Number         0  usenofp.o(x$fpl$usenofp)
    AHBPrescTable                            0x08004cf9   Data          16  system_stm32f4xx.o(.constdata)
    APBPrescTable                            0x08004d09   Data           8  system_stm32f4xx.o(.constdata)
    Region$$Table$$Base                      0x08004da8   Number         0  anon$$obj.o(Region$$Table)
    Region$$Table$$Limit                     0x08004dc8   Number         0  anon$$obj.o(Region$$Table)
    uwTickFreq                               0x20000064   Data           1  stm32f4xx_hal.o(.data)
    uwTickPrio                               0x20000068   Data           4  stm32f4xx_hal.o(.data)
    uwTick                                   0x2000006c   Data           4  stm32f4xx_hal.o(.data)
    SystemCoreClock                          0x20000070   Data           4  system_stm32f4xx.o(.data)
    hi2c1                                    0x20000074   Data          84  main.o(.bss)
    hspi1                                    0x200000c8   Data          88  main.o(.bss)
    htim1                                    0x20000120   Data          72  main.o(.bss)
    huart2                                   0x20000168   Data          72  main.o(.bss)
    __libspace_start                         0x200002e8   Data          96  libspace.o(.bss)
    __temporary_stack_top$libspace           0x20000348   Data           0  libspace.o(.bss)



==============================================================================

Memory Map of the image

  Image Entry point : 0x08000199

  Load Region LR_IROM1 (Base: 0x08000000, Size: 0x00004e58, Max: 0x00080000, ABSOLUTE)

    Execution Region ER_IROM1 (Exec base: 0x08000000, Load base: 0x08000000, Size: 0x00004de4, Max: 0x00080000, ABSOLUTE)

    Exec Addr    Load Addr    Size         Type   Attr      Idx    E Section Name        Object

    0x08000000   0x08000000   0x00000198   Data   RO            3    RESET               startup_stm32f411xe.o
    0x08000198   0x08000198   0x00000008   Code   RO         4032  * !!!main             c_w.l(__main.o)
    0x080001a0   0x080001a0   0x00000034   Code   RO         4311    !!!scatter          c_w.l(__scatter.o)
    0x080001d4   0x080001d4   0x0000001a   Code   RO         4313    !!handler_copy      c_w.l(__scatter_copy.o)
    0x080001ee   0x080001ee   0x00000002   PAD
    0x080001f0   0x080001f0   0x0000001c   Code   RO         4315    !!handler_zi        c_w.l(__scatter_zi.o)
    0x0800020c   0x0800020c   0x00000000   Code   RO         4025    .ARM.Collect$$_printf_percent$$00000000  c_w.l(_printf_percent.o)
    0x0800020c   0x0800020c   0x00000006   Code   RO         4024    .ARM.Collect$$_printf_percent$$00000003  c_w.l(_printf_f.o)
    0x08000212   0x08000212   0x00000006   Code   RO         4023    .ARM.Collect$$_printf_percent$$0000000A  c_w.l(_printf_u.o)
    0x08000218   0x08000218   0x00000004   Code   RO         4079    .ARM.Collect$$_printf_percent$$00000017  c_w.l(_printf_percent_end.o)
    0x0800021c   0x0800021c   0x00000002   Code   RO         4184    .ARM.Collect$$libinit$$00000000  c_w.l(libinit.o)
    0x0800021e   0x0800021e   0x00000004   Code   RO         4185    .ARM.Collect$$libinit$$00000001  c_w.l(libinit2.o)
    0x08000222   0x08000222   0x00000000   Code   RO         4188    .ARM.Collect$$libinit$$00000004  c_w.l(libinit2.o)
    0x08000222   0x08000222   0x00000000   Code   RO         4191    .ARM.Collect$$libinit$$0000000A  c_w.l(libinit2.o)
    0x08000222   0x08000222   0x00000000   Code   RO         4193    .ARM.Collect$$libinit$$0000000C  c_w.l(libinit2.o)
    0x08000222   0x08000222   0x00000000   Code   RO         4195    .ARM.Collect$$libinit$$0000000E  c_w.l(libinit2.o)
    0x08000222   0x08000222   0x00000006   Code   RO         4196    .ARM.Collect$$libinit$$0000000F  c_w.l(libinit2.o)
    0x08000228   0x08000228   0x00000000   Code   RO         4198    .ARM.Collect$$libinit$$00000011  c_w.l(libinit2.o)
    0x08000228   0x08000228   0x00000000   Code   RO         4200    .ARM.Collect$$libinit$$00000013  c_w.l(libinit2.o)
    0x08000228   0x08000228   0x00000000   Code   RO         4202    .ARM.Collect$$libinit$$00000015  c_w.l(libinit2.o)
    0x08000228   0x08000228   0x0000000a   Code   RO         4203    .ARM.Collect$$libinit$$00000016  c_w.l(libinit2.o)
    0x08000232   0x08000232   0x00000000   Code   RO         4204    .ARM.Collect$$libinit$$00000017  c_w.l(libinit2.o)
    0x08000232   0x08000232   0x00000000   Code   RO         4206    .ARM.Collect$$libinit$$00000019  c_w.l(libinit2.o)
    0x08000232   0x08000232   0x00000000   Code   RO         4208    .ARM.Collect$$libinit$$0000001B  c_w.l(libinit2.o)
    0x08000232   0x08000232   0x00000000   Code   RO         4210    .ARM.Collect$$libinit$$0000001D  c_w.l(libinit2.o)
    0x08000232   0x08000232   0x00000000   Code   RO         4212    .ARM.Collect$$libinit$$0000001F  c_w.l(libinit2.o)
    0x08000232   0x08000232   0x00000000   Code   RO         4214    .ARM.Collect$$libinit$$00000021  c_w.l(libinit2.o)
    0x08000232   0x08000232   0x00000000   Code   RO         4216    .ARM.Collect$$libinit$$00000023  c_w.l(libinit2.o)
    0x08000232   0x08000232   0x00000000   Code   RO         4218    .ARM.Collect$$libinit$$00000025  c_w.l(libinit2.o)
    0x08000232   0x08000232   0x00000000   Code   RO         4222    .ARM.Collect$$libinit$$0000002C  c_w.l(libinit2.o)
    0x08000232   0x08000232   0x00000000   Code   RO         4224    .ARM.Collect$$libinit$$0000002E  c_w.l(libinit2.o)
    0x08000232   0x08000232   0x00000000   Code   RO         4226    .ARM.Collect$$libinit$$00000030  c_w.l(libinit2.o)
    0x08000232   0x08000232   0x00000000   Code   RO         4228    .ARM.Collect$$libinit$$00000032  c_w.l(libinit2.o)
    0x08000232   0x08000232   0x00000002   Code   RO         4229    .ARM.Collect$$libinit$$00000033  c_w.l(libinit2.o)
    0x08000234   0x08000234   0x00000002   Code   RO         4276    .ARM.Collect$$libshutdown$$00000000  c_w.l(libshutdown.o)
    0x08000236   0x08000236   0x00000000   Code   RO         4294    .ARM.Collect$$libshutdown$$00000002  c_w.l(libshutdown2.o)
    0x08000236   0x08000236   0x00000000   Code   RO         4296    .ARM.Collect$$libshutdown$$00000004  c_w.l(libshutdown2.o)
    0x08000236   0x08000236   0x00000000   Code   RO         4299    .ARM.Collect$$libshutdown$$00000007  c_w.l(libshutdown2.o)
    0x08000236   0x08000236   0x00000000   Code   RO         4302    .ARM.Collect$$libshutdown$$0000000A  c_w.l(libshutdown2.o)
    0x08000236   0x08000236   0x00000000   Code   RO         4304    .ARM.Collect$$libshutdown$$0000000C  c_w.l(libshutdown2.o)
    0x08000236   0x08000236   0x00000000   Code   RO         4307    .ARM.Collect$$libshutdown$$0000000F  c_w.l(libshutdown2.o)
    0x08000236   0x08000236   0x00000002   Code   RO         4308    .ARM.Collect$$libshutdown$$00000010  c_w.l(libshutdown2.o)
    0x08000238   0x08000238   0x00000000   Code   RO         4062    .ARM.Collect$$rtentry$$00000000  c_w.l(__rtentry.o)
    0x08000238   0x08000238   0x00000000   Code   RO         4102    .ARM.Collect$$rtentry$$00000002  c_w.l(__rtentry2.o)
    0x08000238   0x08000238   0x00000006   Code   RO         4114    .ARM.Collect$$rtentry$$00000004  c_w.l(__rtentry4.o)
    0x0800023e   0x0800023e   0x00000000   Code   RO         4104    .ARM.Collect$$rtentry$$00000009  c_w.l(__rtentry2.o)
    0x0800023e   0x0800023e   0x00000004   Code   RO         4105    .ARM.Collect$$rtentry$$0000000A  c_w.l(__rtentry2.o)
    0x08000242   0x08000242   0x00000000   Code   RO         4107    .ARM.Collect$$rtentry$$0000000C  c_w.l(__rtentry2.o)
    0x08000242   0x08000242   0x00000008   Code   RO         4108    .ARM.Collect$$rtentry$$0000000D  c_w.l(__rtentry2.o)
    0x0800024a   0x0800024a   0x00000002   Code   RO         4230    .ARM.Collect$$rtexit$$00000000  c_w.l(rtexit.o)
    0x0800024c   0x0800024c   0x00000000   Code   RO         4245    .ARM.Collect$$rtexit$$00000002  c_w.l(rtexit2.o)
    0x0800024c   0x0800024c   0x00000004   Code   RO         4246    .ARM.Collect$$rtexit$$00000003  c_w.l(rtexit2.o)
    0x08000250   0x08000250   0x00000006   Code   RO         4247    .ARM.Collect$$rtexit$$00000004  c_w.l(rtexit2.o)
    0x08000256   0x08000256   0x00000002   PAD
    0x08000258   0x08000258   0x00000040   Code   RO            4    .text               startup_stm32f411xe.o
    0x08000298   0x08000298   0x000000ee   Code   RO         3993    .text               c_w.l(lludivv7m.o)
    0x08000386   0x08000386   0x00000002   PAD
    0x08000388   0x08000388   0x00000034   Code   RO         3997    .text               c_w.l(noretval__2snprintf.o)
    0x080003bc   0x080003bc   0x00000078   Code   RO         4001    .text               c_w.l(_printf_dec.o)
    0x08000434   0x08000434   0x0000010e   Code   RO         4011    .text               c_w.l(__printf_wp.o)
    0x08000542   0x08000542   0x0000003e   Code   RO         4026    .text               c_w.l(strlen.o)
    0x08000580   0x08000580   0x0000004e   Code   RO         4028    .text               c_w.l(rt_memclr_w.o)
    0x080005ce   0x080005ce   0x00000006   Code   RO         4030    .text               c_w.l(heapauxi.o)
    0x080005d4   0x080005d4   0x00000016   Code   RO         4067    .text               c_w.l(_rserrno.o)
    0x080005ea   0x080005ea   0x000000b2   Code   RO         4069    .text               c_w.l(_printf_intcommon.o)
    0x0800069c   0x0800069c   0x0000041e   Code   RO         4071    .text               c_w.l(_printf_fp_dec.o)
    0x08000aba   0x08000aba   0x00000002   PAD
    0x08000abc   0x08000abc   0x00000030   Code   RO         4073    .text               c_w.l(_printf_char_common.o)
    0x08000aec   0x08000aec   0x0000000a   Code   RO         4075    .text               c_w.l(_sputc.o)
    0x08000af6   0x08000af6   0x00000010   Code   RO         4077    .text               c_w.l(_snputc.o)
    0x08000b06   0x08000b06   0x00000002   PAD
    0x08000b08   0x08000b08   0x00000008   Code   RO         4121    .text               c_w.l(rt_locale_intlibspace.o)
    0x08000b10   0x08000b10   0x00000008   Code   RO         4126    .text               c_w.l(rt_errno_addr_intlibspace.o)
    0x08000b18   0x08000b18   0x0000008a   Code   RO         4128    .text               c_w.l(lludiv10.o)
    0x08000ba2   0x08000ba2   0x00000002   PAD
    0x08000ba4   0x08000ba4   0x00000080   Code   RO         4130    .text               c_w.l(_printf_fp_infnan.o)
    0x08000c24   0x08000c24   0x000000e4   Code   RO         4134    .text               c_w.l(bigflt0.o)
    0x08000d08   0x08000d08   0x00000008   Code   RO         4166    .text               c_w.l(libspace.o)
    0x08000d10   0x08000d10   0x0000004a   Code   RO         4169    .text               c_w.l(sys_stackheap_outer.o)
    0x08000d5a   0x08000d5a   0x00000012   Code   RO         4171    .text               c_w.l(exit.o)
    0x08000d6c   0x08000d6c   0x00000080   Code   RO         4177    .text               c_w.l(strcmpv7m.o)
    0x08000dec   0x08000dec   0x0000000c   Code   RO         4242    .text               c_w.l(sys_exit.o)
    0x08000df8   0x08000df8   0x00000002   Code   RO         4263    .text               c_w.l(use_no_semi.o)
    0x08000dfa   0x08000dfa   0x00000000   Code   RO         4265    .text               c_w.l(indicate_semi.o)
    0x08000dfa   0x08000dfa   0x0000003e   Code   RO         4137    CL$$btod_d2e        c_w.l(btod.o)
    0x08000e38   0x08000e38   0x00000046   Code   RO         4139    CL$$btod_d2e_denorm_low  c_w.l(btod.o)
    0x08000e7e   0x08000e7e   0x00000060   Code   RO         4138    CL$$btod_d2e_norm_op1  c_w.l(btod.o)
    0x08000ede   0x08000ede   0x00000338   Code   RO         4147    CL$$btod_div_common  c_w.l(btod.o)
    0x08001216   0x08001216   0x000000dc   Code   RO         4144    CL$$btod_e2e        c_w.l(btod.o)
    0x080012f2   0x080012f2   0x0000002a   Code   RO         4141    CL$$btod_ediv       c_w.l(btod.o)
    0x0800131c   0x0800131c   0x0000002a   Code   RO         4140    CL$$btod_emul       c_w.l(btod.o)
    0x08001346   0x08001346   0x00000244   Code   RO         4146    CL$$btod_mult_common  c_w.l(btod.o)
    0x0800158a   0x0800158a   0x00000002   Code   RO          255    i.BusFault_Handler  stm32f4xx_it.o
    0x0800158c   0x0800158c   0x00000002   Code   RO          256    i.DebugMon_Handler  stm32f4xx_it.o
    0x0800158e   0x0800158e   0x00000002   PAD
    0x08001590   0x08001590   0x00000024   Code   RO         2047    i.HAL_Delay         stm32f4xx_hal.o
    0x080015b4   0x080015b4   0x000001e0   Code   RO         1479    i.HAL_GPIO_Init     stm32f4xx_hal_gpio.o
    0x08001794   0x08001794   0x0000000a   Code   RO         1483    i.HAL_GPIO_WritePin  stm32f4xx_hal_gpio.o
    0x0800179e   0x0800179e   0x00000002   PAD
    0x080017a0   0x080017a0   0x0000000c   Code   RO         2053    i.HAL_GetTick       stm32f4xx_hal.o
    0x080017ac   0x080017ac   0x00000188   Code   RO          614    i.HAL_I2C_Init      stm32f4xx_hal_i2c.o
    0x08001934   0x08001934   0x00000204   Code   RO          632    i.HAL_I2C_Mem_Read  stm32f4xx_hal_i2c.o
    0x08001b38   0x08001b38   0x00000130   Code   RO          635    i.HAL_I2C_Mem_Write  stm32f4xx_hal_i2c.o
    0x08001c68   0x08001c68   0x00000068   Code   RO          331    i.HAL_I2C_MspInit   stm32f4xx_hal_msp.o
    0x08001cd0   0x08001cd0   0x00000010   Code   RO         2059    i.HAL_IncTick       stm32f4xx_hal.o
    0x08001ce0   0x08001ce0   0x00000034   Code   RO         2060    i.HAL_Init          stm32f4xx_hal.o
    0x08001d14   0x08001d14   0x00000040   Code   RO         2061    i.HAL_InitTick      stm32f4xx_hal.o
    0x08001d54   0x08001d54   0x00000030   Code   RO          332    i.HAL_MspInit       stm32f4xx_hal_msp.o
    0x08001d84   0x08001d84   0x00000040   Code   RO         1901    i.HAL_NVIC_SetPriority  stm32f4xx_hal_cortex.o
    0x08001dc4   0x08001dc4   0x00000024   Code   RO         1902    i.HAL_NVIC_SetPriorityGrouping  stm32f4xx_hal_cortex.o
    0x08001de8   0x08001de8   0x00000134   Code   RO         1071    i.HAL_RCC_ClockConfig  stm32f4xx_hal_rcc.o
    0x08001f1c   0x08001f1c   0x00000020   Code   RO         1078    i.HAL_RCC_GetPCLK1Freq  stm32f4xx_hal_rcc.o
    0x08001f3c   0x08001f3c   0x00000020   Code   RO         1079    i.HAL_RCC_GetPCLK2Freq  stm32f4xx_hal_rcc.o
    0x08001f5c   0x08001f5c   0x00000064   Code   RO         1080    i.HAL_RCC_GetSysClockFreq  stm32f4xx_hal_rcc.o
    0x08001fc0   0x08001fc0   0x0000036c   Code   RO         1083    i.HAL_RCC_OscConfig  stm32f4xx_hal_rcc.o
    0x0800232c   0x0800232c   0x000000bc   Code   RO         2309    i.HAL_SPI_Init      stm32f4xx_hal_spi.o
    0x080023e8   0x080023e8   0x00000068   Code   RO          334    i.HAL_SPI_MspInit   stm32f4xx_hal_msp.o
    0x08002450   0x08002450   0x000001f0   Code   RO         2318    i.HAL_SPI_TransmitReceive  stm32f4xx_hal_spi.o
    0x08002640   0x08002640   0x00000028   Code   RO         1906    i.HAL_SYSTICK_Config  stm32f4xx_hal_cortex.o
    0x08002668   0x08002668   0x00000054   Code   RO         3329    i.HAL_TIMEx_ConfigBreakDeadTime  stm32f4xx_hal_tim_ex.o
    0x080026bc   0x080026bc   0x0000007c   Code   RO         3345    i.HAL_TIMEx_MasterConfigSynchronization  stm32f4xx_hal_tim_ex.o
    0x08002738   0x08002738   0x00000054   Code   RO          335    i.HAL_TIM_MspPostInit  stm32f4xx_hal_msp.o
    0x0800278c   0x0800278c   0x000000cc   Code   RO         2694    i.HAL_TIM_PWM_ConfigChannel  stm32f4xx_hal_tim.o
    0x08002858   0x08002858   0x0000005a   Code   RO         2697    i.HAL_TIM_PWM_Init  stm32f4xx_hal_tim.o
    0x080028b2   0x080028b2   0x00000002   PAD
    0x080028b4   0x080028b4   0x00000028   Code   RO          337    i.HAL_TIM_PWM_MspInit  stm32f4xx_hal_msp.o
    0x080028dc   0x080028dc   0x000000b0   Code   RO         2702    i.HAL_TIM_PWM_Start  stm32f4xx_hal_tim.o
    0x0800298c   0x0800298c   0x00000064   Code   RO         3623    i.HAL_UART_Init     stm32f4xx_hal_uart.o
    0x080029f0   0x080029f0   0x00000068   Code   RO          339    i.HAL_UART_MspInit  stm32f4xx_hal_msp.o
    0x08002a58   0x08002a58   0x000000a0   Code   RO         3631    i.HAL_UART_Transmit  stm32f4xx_hal_uart.o
    0x08002af8   0x08002af8   0x00000002   Code   RO          257    i.HardFault_Handler  stm32f4xx_it.o
    0x08002afa   0x08002afa   0x0000002e   Code   RO          657    i.I2C_IsAcknowledgeFailed  stm32f4xx_hal_i2c.o
    0x08002b28   0x08002b28   0x000000fc   Code   RO          667    i.I2C_RequestMemoryRead  stm32f4xx_hal_i2c.o
    0x08002c24   0x08002c24   0x000000a8   Code   RO          668    i.I2C_RequestMemoryWrite  stm32f4xx_hal_i2c.o
    0x08002ccc   0x08002ccc   0x00000056   Code   RO          672    i.I2C_WaitOnBTFFlagUntilTimeout  stm32f4xx_hal_i2c.o
    0x08002d22   0x08002d22   0x00000002   PAD
    0x08002d24   0x08002d24   0x00000090   Code   RO          673    i.I2C_WaitOnFlagUntilTimeout  stm32f4xx_hal_i2c.o
    0x08002db4   0x08002db4   0x000000bc   Code   RO          674    i.I2C_WaitOnMasterAddressFlagUntilTimeout  stm32f4xx_hal_i2c.o
    0x08002e70   0x08002e70   0x00000070   Code   RO          675    i.I2C_WaitOnRXNEFlagUntilTimeout  stm32f4xx_hal_i2c.o
    0x08002ee0   0x08002ee0   0x00000056   Code   RO          676    i.I2C_WaitOnTXEFlagUntilTimeout  stm32f4xx_hal_i2c.o
    0x08002f36   0x08002f36   0x000000ca   Code   RO          410    i.MPU9250_Init      mpu9250.o
    0x08003000   0x08003000   0x00000158   Code   RO          411    i.MPU9250_Read_Accel_Gyro  mpu9250.o
    0x08003158   0x08003158   0x00000068   Code   RO           14    i.MX_GPIO_Init      main.o
    0x080031c0   0x080031c0   0x00000044   Code   RO           15    i.MX_SPI1_Init      main.o
    0x08003204   0x08003204   0x000000d4   Code   RO           16    i.MX_TIM1_Init      main.o
    0x080032d8   0x080032d8   0x00000002   Code   RO          258    i.MemManage_Handler  stm32f4xx_it.o
    0x080032da   0x080032da   0x00000002   Code   RO          259    i.NMI_Handler       stm32f4xx_it.o
    0x080032dc   0x080032dc   0x00000010   Code   RO          478    i.NRF24_AckPayloadAvailable  nrf24.o
    0x080032ec   0x080032ec   0x00000008   Code   RO          479    i.NRF24_ClearIRQs   nrf24.o
    0x080032f4   0x080032f4   0x00000146   Code   RO          480    i.NRF24_Configure_PTX  nrf24.o
    0x0800343a   0x0800343a   0x00000012   Code   RO          481    i.NRF24_FlushRX     nrf24.o
    0x0800344c   0x0800344c   0x00000012   Code   RO          482    i.NRF24_FlushTX     nrf24.o
    0x0800345e   0x0800345e   0x00000078   Code   RO          483    i.NRF24_Init        nrf24.o
    0x080034d6   0x080034d6   0x00000046   Code   RO          484    i.NRF24_IsPresent   nrf24.o
    0x0800351c   0x0800351c   0x00000078   Code   RO          485    i.NRF24_ReadAckPayload  nrf24.o
    0x08003594   0x08003594   0x000000c0   Code   RO          486    i.NRF24_Write       nrf24.o
    0x08003654   0x08003654   0x00000048   Code   RO          487    i.NRF24_WriteAndReadAck  nrf24.o
    0x0800369c   0x0800369c   0x00000002   Code   RO          260    i.PendSV_Handler    stm32f4xx_it.o
    0x0800369e   0x0800369e   0x00000002   PAD
    0x080036a0   0x080036a0   0x0000006c   Code   RO         2347    i.SPI_EndRxTxTransaction  stm32f4xx_hal_spi.o
    0x0800370c   0x0800370c   0x000000bc   Code   RO         2352    i.SPI_WaitFlagStateUntilTimeout  stm32f4xx_hal_spi.o
    0x080037c8   0x080037c8   0x00000002   Code   RO          261    i.SVC_Handler       stm32f4xx_it.o
    0x080037ca   0x080037ca   0x00000004   Code   RO          262    i.SysTick_Handler   stm32f4xx_it.o
    0x080037ce   0x080037ce   0x00000002   PAD
    0x080037d0   0x080037d0   0x00000090   Code   RO           17    i.SystemClock_Config  main.o
    0x08003860   0x08003860   0x00000010   Code   RO         3957    i.SystemInit        system_stm32f4xx.o
    0x08003870   0x08003870   0x000000a0   Code   RO         2715    i.TIM_Base_SetConfig  stm32f4xx_hal_tim.o
    0x08003910   0x08003910   0x0000001a   Code   RO         2716    i.TIM_CCxChannelCmd  stm32f4xx_hal_tim.o
    0x0800392a   0x0800392a   0x00000002   PAD
    0x0800392c   0x0800392c   0x00000050   Code   RO         2728    i.TIM_OC1_SetConfig  stm32f4xx_hal_tim.o
    0x0800397c   0x0800397c   0x00000058   Code   RO         2729    i.TIM_OC2_SetConfig  stm32f4xx_hal_tim.o
    0x080039d4   0x080039d4   0x00000058   Code   RO         2730    i.TIM_OC3_SetConfig  stm32f4xx_hal_tim.o
    0x08003a2c   0x08003a2c   0x00000044   Code   RO         2731    i.TIM_OC4_SetConfig  stm32f4xx_hal_tim.o
    0x08003a70   0x08003a70   0x0000004e   Code   RO         3646    i.UART_EndRxTransfer  stm32f4xx_hal_uart.o
    0x08003abe   0x08003abe   0x00000002   PAD
    0x08003ac0   0x08003ac0   0x0000010c   Code   RO         3649    i.UART_SetConfig    stm32f4xx_hal_uart.o
    0x08003bcc   0x08003bcc   0x00000072   Code   RO         3652    i.UART_WaitOnFlagUntilTimeout  stm32f4xx_hal_uart.o
    0x08003c3e   0x08003c3e   0x00000002   Code   RO          263    i.UsageFault_Handler  stm32f4xx_it.o
    0x08003c40   0x08003c40   0x00000030   Code   RO         4164    i.__ARM_fpclassify  m_wm.l(fpclassify.o)
    0x08003c70   0x08003c70   0x00000026   Code   RO         4085    i.__ARM_fpclassifyf  m_wm.l(fpclassifyf.o)
    0x08003c96   0x08003c96   0x00000020   Code   RO         1908    i.__NVIC_SetPriority  stm32f4xx_hal_cortex.o
    0x08003cb6   0x08003cb6   0x00000002   PAD
    0x08003cb8   0x08003cb8   0x00000250   Code   RO         4038    i.__hardfp_atan2f   m_wm.l(atan2f.o)
    0x08003f08   0x08003f08   0x0000003a   Code   RO         4050    i.__hardfp_sqrtf    m_wm.l(sqrtf.o)
    0x08003f42   0x08003f42   0x00000006   Code   RO         4089    i.__mathlib_flt_infnan2  m_wm.l(funder.o)
    0x08003f48   0x08003f48   0x00000010   Code   RO         4093    i.__mathlib_flt_underflow  m_wm.l(funder.o)
    0x08003f58   0x08003f58   0x0000000e   Code   RO         4013    i._is_digit         c_w.l(__printf_wp.o)
    0x08003f66   0x08003f66   0x0000001a   Code   RO          488    i.activate_features  nrf24.o
    0x08003f80   0x08003f80   0x00000168   Code   RO           18    i.build_send_telem  main.o
    0x080040e8   0x080040e8   0x000001b4   Code   RO           19    i.cal_step          main.o
    0x0800429c   0x0800429c   0x0000000a   Code   RO          489    i.ce_low            nrf24.o
    0x080042a6   0x080042a6   0x00000002   PAD
    0x080042a8   0x080042a8   0x00000020   Code   RO           20    i.clamp_i16         main.o
    0x080042c8   0x080042c8   0x00000010   Code   RO           21    i.clamp_u16         main.o
    0x080042d8   0x080042d8   0x00000020   Code   RO           22    i.clampf            main.o
    0x080042f8   0x080042f8   0x0000004a   Code   RO          490    i.cmd_rw            nrf24.o
    0x08004342   0x08004342   0x0000000a   Code   RO          491    i.csn_high          nrf24.o
    0x0800434c   0x0800434c   0x0000000a   Code   RO          492    i.csn_low           nrf24.o
    0x08004356   0x08004356   0x00000002   PAD
    0x08004358   0x08004358   0x0000002c   Code   RO           23    i.disarm_now        main.o
    0x08004384   0x08004384   0x00000098   Code   RO          412    i.gyro_mavg_get     mpu9250.o
    0x0800441c   0x0800441c   0x00000048   Code   RO          413    i.gyro_mavg_push    mpu9250.o
    0x08004464   0x08004464   0x00000048   Code   RO          414    i.gyro_mavg_reset   mpu9250.o
    0x080044ac   0x080044ac   0x0000018c   Code   RO           24    i.handle_cmd        main.o
    0x08004638   0x08004638   0x0000003a   Code   RO          415    i.i2c_read_retry    mpu9250.o
    0x08004672   0x08004672   0x00000040   Code   RO          416    i.i2c_write_retry   mpu9250.o
    0x080046b2   0x080046b2   0x00000002   PAD
    0x080046b4   0x080046b4   0x000001e0   Code   RO           25    i.main              main.o
    0x08004894   0x08004894   0x00000034   Code   RO           26    i.motors_write_all  main.o
    0x080048c8   0x080048c8   0x00000048   Code   RO           27    i.motors_write_mask  main.o
    0x08004910   0x08004910   0x000000bc   Code   RO           28    i.motors_write_roll_mix  main.o
    0x080049cc   0x080049cc   0x0000012c   Code   RO           29    i.pid_roll_update_and_apply  main.o
    0x08004af8   0x08004af8   0x00000020   Code   RO          493    i.read_reg          nrf24.o
    0x08004b18   0x08004b18   0x00000026   Code   RO          494    i.spi_xfer          nrf24.o
    0x08004b3e   0x08004b3e   0x0000003a   Code   RO          495    i.stop_listening    nrf24.o
    0x08004b78   0x08004b78   0x0000001c   Code   RO           30    i.uart_print        main.o
    0x08004b94   0x08004b94   0x0000001e   Code   RO          496    i.write_reg         nrf24.o
    0x08004bb2   0x08004bb2   0x00000018   Code   RO          497    i.write_reg_buf     nrf24.o
    0x08004bca   0x08004bca   0x00000002   PAD
    0x08004bcc   0x08004bcc   0x0000002c   Code   RO         4160    locale$$code        c_w.l(lc_numeric_c.o)
    0x08004bf8   0x08004bf8   0x0000000c   Code   RO         4080    x$fpl$dretinf       fz_wm.l(dretinf.o)
    0x08004c04   0x08004c04   0x00000056   Code   RO         4034    x$fpl$f2d           fz_wm.l(f2d.o)
    0x08004c5a   0x08004c5a   0x0000008c   Code   RO         4082    x$fpl$fnaninf       fz_wm.l(fnaninf.o)
    0x08004ce6   0x08004ce6   0x0000000a   Code   RO         4240    x$fpl$fpinit        fz_wm.l(fpinit.o)
    0x08004cf0   0x08004cf0   0x00000004   Code   RO         4036    x$fpl$printf1       fz_wm.l(printf1.o)
    0x08004cf4   0x08004cf4   0x00000000   Code   RO         4084    x$fpl$usenofp       fz_wm.l(usenofp.o)
    0x08004cf4   0x08004cf4   0x00000005   Data   RO           32    .constdata          main.o
    0x08004cf9   0x08004cf9   0x00000010   Data   RO         3958    .constdata          system_stm32f4xx.o
    0x08004d09   0x08004d09   0x00000008   Data   RO         3959    .constdata          system_stm32f4xx.o
    0x08004d11   0x08004d11   0x00000003   PAD
    0x08004d14   0x08004d14   0x00000094   Data   RO         4135    .constdata          c_w.l(bigflt0.o)
    0x08004da8   0x08004da8   0x00000020   Data   RO         4309    Region$$Table       anon$$obj.o
    0x08004dc8   0x08004dc8   0x0000001c   Data   RO         4159    locale$$data        c_w.l(lc_numeric_c.o)


    Execution Region RW_IRAM1 (Exec base: 0x20000000, Load base: 0x08004de4, Size: 0x00000948, Max: 0x00020000, ABSOLUTE)

    Exec Addr    Load Addr    Size         Type   Attr      Idx    E Section Name        Object

    0x20000000   0x08004de4   0x00000060   Data   RW           33    .data               main.o
    0x20000060   0x08004e44   0x00000004   Data   RW          418    .data               mpu9250.o
    0x20000064   0x08004e48   0x0000000c   Data   RW         2067    .data               stm32f4xx_hal.o
    0x20000070   0x08004e54   0x00000004   Data   RW         3960    .data               system_stm32f4xx.o
    0x20000074        -       0x00000184   Zero   RW           31    .bss                main.o
    0x200001f8        -       0x000000f0   Zero   RW          417    .bss                mpu9250.o
    0x200002e8        -       0x00000060   Zero   RW         4167    .bss                c_w.l(libspace.o)
    0x20000348        -       0x00000200   Zero   RW            2    HEAP                startup_stm32f411xe.o
    0x20000548        -       0x00000400   Zero   RW            1    STACK               startup_stm32f411xe.o


==============================================================================

Image component sizes


      Code (inc. data)   RO Data    RW Data    ZI Data      Debug   Object Name

      2964        296          5         96        388     450607   main.o
       964         48          0          4        240       6801   mpu9250.o
      1272          0          0          0          0      15606   nrf24.o
        64         26        408          0       1536        836   startup_stm32f411xe.o
       180         28          0         12          0       9217   stm32f4xx_hal.o
       172         14          0          0          0      33098   stm32f4xx_hal_cortex.o
       490         34          0          0          0       2152   stm32f4xx_hal_gpio.o
      2294         52          0          0          0      13126   stm32f4xx_hal_i2c.o
       484         64          0          0          0       4277   stm32f4xx_hal_msp.o
      1348         76          0          0          0       5224   stm32f4xx_hal_rcc.o
       980         16          0          0          0       4873   stm32f4xx_hal_spi.o
       980         70          0          0          0       8182   stm32f4xx_hal_tim.o
       208         20          0          0          0       2180   stm32f4xx_hal_tim_ex.o
       720         10          0          0          0       4808   stm32f4xx_hal_uart.o
        20          0          0          0          0       4118   stm32f4xx_it.o
        16          4         24          4          0       1111   system_stm32f4xx.o

    ----------------------------------------------------------------------
     13182        758        472        116       2164     566216   Object Totals
         0          0         32          0          0          0   (incl. Generated)
        26          0          3          0          0          0   (incl. Padding)

    ----------------------------------------------------------------------

      Code (inc. data)   RO Data    RW Data    ZI Data      Debug   Library Member Name

         8          0          0          0          0         68   __main.o
       284          0          0          0          0        156   __printf_wp.o
         0          0          0          0          0          0   __rtentry.o
        12          0          0          0          0          0   __rtentry2.o
         6          0          0          0          0          0   __rtentry4.o
        52          8          0          0          0          0   __scatter.o
        26          0          0          0          0          0   __scatter_copy.o
        28          0          0          0          0          0   __scatter_zi.o
        48          6          0          0          0         96   _printf_char_common.o
       120         16          0          0          0         92   _printf_dec.o
         6          0          0          0          0          0   _printf_f.o
      1054          0          0          0          0        216   _printf_fp_dec.o
       128         16          0          0          0         84   _printf_fp_infnan.o
       178          0          0          0          0         88   _printf_intcommon.o
         0          0          0          0          0          0   _printf_percent.o
         4          0          0          0          0          0   _printf_percent_end.o
         6          0          0          0          0          0   _printf_u.o
        22          0          0          0          0        100   _rserrno.o
        16          0          0          0          0         68   _snputc.o
        10          0          0          0          0         68   _sputc.o
       228          4        148          0          0         96   bigflt0.o
      1936        128          0          0          0        672   btod.o
        18          0          0          0          0         80   exit.o
         6          0          0          0          0        152   heapauxi.o
         0          0          0          0          0          0   indicate_semi.o
        44         10         28          0          0         76   lc_numeric_c.o
         2          0          0          0          0          0   libinit.o
        22          0          0          0          0          0   libinit2.o
         2          0          0          0          0          0   libshutdown.o
         2          0          0          0          0          0   libshutdown2.o
         8          4          0          0         96         68   libspace.o
       138          0          0          0          0         80   lludiv10.o
       238          0          0          0          0        100   lludivv7m.o
        52          4          0          0          0         84   noretval__2snprintf.o
         8          4          0          0          0         68   rt_errno_addr_intlibspace.o
         8          4          0          0          0         68   rt_locale_intlibspace.o
        78          0          0          0          0         80   rt_memclr_w.o
         2          0          0          0          0          0   rtexit.o
        10          0          0          0          0          0   rtexit2.o
       128          0          0          0          0         68   strcmpv7m.o
        62          0          0          0          0         76   strlen.o
        12          4          0          0          0         68   sys_exit.o
        74          0          0          0          0         80   sys_stackheap_outer.o
         2          0          0          0          0         68   use_no_semi.o
        12          0          0          0          0        116   dretinf.o
        86          4          0          0          0        132   f2d.o
       140          4          0          0          0        132   fnaninf.o
        10          0          0          0          0        116   fpinit.o
         4          0          0          0          0        116   printf1.o
         0          0          0          0          0          0   usenofp.o
       592         90          0          0          0        184   atan2f.o
        48          0          0          0          0        124   fpclassify.o
        38          0          0          0          0        116   fpclassifyf.o
        22          6          0          0          0        232   funder.o
        58          0          0          0          0        136   sqrtf.o

    ----------------------------------------------------------------------
      6110        312        176          0         96       4424   Library Totals
        12          0          0          0          0          0   (incl. Padding)

    ----------------------------------------------------------------------

      Code (inc. data)   RO Data    RW Data    ZI Data      Debug   Library Name

      5088        208        176          0         96       3020   c_w.l
       252          8          0          0          0        612   fz_wm.l
       758         96          0          0          0        792   m_wm.l

    ----------------------------------------------------------------------
      6110        312        176          0         96       4424   Library Totals

    ----------------------------------------------------------------------

==============================================================================


      Code (inc. data)   RO Data    RW Data    ZI Data      Debug   

     19292       1070        648        116       2260     557976   Grand Totals
     19292       1070        648        116       2260     557976   ELF Image Totals
     19292       1070        648        116          0          0   ROM Totals

==============================================================================

    Total RO  Size (Code + RO Data)                19940 (  19.47kB)
    Total RW  Size (RW Data + ZI Data)              2376 (   2.32kB)
    Total ROM Size (Code + RO Data + RW Data)      20056 (  19.59kB)

==============================================================================

